src/components/AdvancedAstrologyCard.tsx(70,48): error TS2554: Expected 1 arguments, but got 4.
src/components/AdvancedAstrologyCard.tsx(164,37): error TS2339: Property 'overallAnalysis' does not exist on type '{ planets: LalKitabPlanetPosition[]; houses: LalKitabHouse[]; debtPlanets: DebtPlanet[]; specialCombinations: string[]; }'.
src/components/AdvancedAstrologyCard.tsx(167,49): error TS2339: Property 'overallAnalysis' does not exist on type '{ planets: LalKitabPlanetPosition[]; houses: LalKitabHouse[]; debtPlanets: DebtPlanet[]; specialCombinations: string[]; }'.
src/components/AdvancedAstrologyCard.tsx(170,93): error TS2339: Property 'totkeRemedies' does not exist on type '{ planets: LalKitabPlanetPosition[]; houses: LalKitabHouse[]; debtPlanets: DebtPlanet[]; specialCombinations: string[]; }'.
src/components/AdvancedAstrologyCard.tsx(171,96): error TS2339: Property 'totkeRemedies' does not exist on type '{ planets: LalKitabPlanetPosition[]; houses: LalKitabHouse[]; debtPlanets: DebtPlanet[]; specialCombinations: string[]; }'.
src/components/AdvancedAstrologyCard.tsx(187,50): error TS2551: Property 'planetHi' does not exist on type 'DebtPlanet'. Did you mean 'planet'?
src/components/AdvancedAstrologyCard.tsx(190,40): error TS2367: This comparison appears to be unintentional because the types '"high" | "low" | "medium"' and '"severe"' have no overlap.
src/components/AdvancedAstrologyCard.tsx(196,48): error TS2339: Property 'descriptionHi' does not exist on type 'DebtPlanet'.
src/components/AdvancedAstrologyCard.tsx(196,75): error TS2339: Property 'description' does not exist on type 'DebtPlanet'.
src/components/AdvancedAstrologyCard.tsx(199,77): error TS2551: Property 'debtTypeHi' does not exist on type 'DebtPlanet'. Did you mean 'debtType'?
src/components/AdvancedAstrologyCard.tsx(213,35): error TS2339: Property 'totkeRemedies' does not exist on type '{ planets: LalKitabPlanetPosition[]; houses: LalKitabHouse[]; debtPlanets: DebtPlanet[]; specialCombinations: string[]; }'.
src/components/AdvancedAstrologyCard.tsx(213,66): error TS7006: Parameter 'remedy' implicitly has an 'any' type.
src/components/AdvancedAstrologyCard.tsx(213,74): error TS7006: Parameter 'index' implicitly has an 'any' type.
src/components/AshtakavargaPanel.tsx(111,22): error TS2339: Property 'lat' does not exist on type '{ date: string; time: string; location: string; }'.
src/components/AshtakavargaPanel.tsx(111,49): error TS2339: Property 'lng' does not exist on type '{ date: string; time: string; location: string; }'.
src/components/AshtakavargaPanel.tsx(112,16): error TS2339: Property 'lat' does not exist on type '{ date: string; time: string; location: string; }'.
src/components/AshtakavargaPanel.tsx(112,42): error TS2339: Property 'lng' does not exist on type '{ date: string; time: string; location: string; }'.
src/components/DashaTransitPanel.tsx(159,11): error TS2322: Type '{ date: string; time: string; location: string; name?: string | undefined; } | null' is not assignable to type '{ date: string; time: string; location: string; } | undefined'.
  Type 'null' is not assignable to type '{ date: string; time: string; location: string; } | undefined'.
src/components/DashboardShell.tsx(454,31): error TS2339: Property 'totalShadabala' does not exist on type 'ShadabalaResult'.
src/components/DashboardShell.tsx(1041,22): error TS2339: Property 'lat' does not exist on type '{ date: string; time: string; location: string; }'.
src/components/DashboardShell.tsx(1041,49): error TS2339: Property 'lng' does not exist on type '{ date: string; time: string; location: string; }'.
src/components/DashboardShell.tsx(1042,16): error TS2339: Property 'lat' does not exist on type '{ date: string; time: string; location: string; }'.
src/components/DashboardShell.tsx(1042,42): error TS2339: Property 'lng' does not exist on type '{ date: string; time: string; location: string; }'.
src/components/DivisionalChartsCard.tsx(91,35): error TS2339: Property 'hi' does not exist on type 'string'.
src/components/DivisionalChartsCard.tsx(91,54): error TS2339: Property 'en' does not exist on type 'string'.
src/components/DivisionalChartsDashboard.tsx(499,54): error TS2339: Property 'overall' does not exist on type '{ overallVerdict: string; strengths: string[]; weaknesses: string[]; contradictionFlags: string[]; finalResolvedMeaning: string; }'.
src/components/DivisionalChartsDashboard.tsx(551,54): error TS2339: Property 'recommendations' does not exist on type '{ overallVerdict: string; strengths: string[]; weaknesses: string[]; contradictionFlags: string[]; finalResolvedMeaning: string; }'.
src/components/DivisionalChartsDashboard.tsx(551,75): error TS7006: Parameter 'recommendation' implicitly has an 'any' type.
src/components/DivisionalChartsDashboard.tsx(551,91): error TS7006: Parameter 'index' implicitly has an 'any' type.
src/components/DivisionalChartsDashboard.tsx(577,56): error TS2339: Property 'remedies' does not exist on type '{ overallVerdict: string; strengths: string[]; weaknesses: string[]; contradictionFlags: string[]; finalResolvedMeaning: string; }'.
src/components/DivisionalChartsDashboard.tsx(577,70): error TS7006: Parameter 'remedy' implicitly has an 'any' type.
src/components/DivisionalChartsDashboard.tsx(577,78): error TS7006: Parameter 'index' implicitly has an 'any' type.
src/components/HoroscopeCard.tsx(233,56): error TS7006: Parameter 'num' implicitly has an 'any' type.
src/components/HoroscopeCard.tsx(249,91): error TS7006: Parameter 'color' implicitly has an 'any' type.
src/components/InstructionViewer.tsx(24,38): error TS2345: Argument of type 'string | Promise<string>' is not assignable to parameter of type 'string | Node'.
  Type 'Promise<string>' is not assignable to type 'string | Node'.
src/components/KundliChart.tsx(132,63): error TS2345: Argument of type 'ChartStyle' is not assignable to parameter of type 'number | undefined'.
  Type 'string' is not assignable to type 'number'.
src/components/KundliChart.tsx(461,50): error TS2339: Property 'name' does not exist on type 'PlanetPosition'.
src/components/KundliChart.tsx(462,71): error TS2339: Property 'name' does not exist on type 'PlanetPosition'.
src/components/KundliChart.tsx(463,58): error TS2339: Property 'name' does not exist on type 'PlanetPosition'.
src/components/KundliChart.tsx(465,64): error TS2339: Property 'name' does not exist on type 'PlanetPosition'.
src/components/KundliChart.tsx(509,46): error TS2339: Property 'name' does not exist on type 'PlanetPosition'.
src/components/KundliChart.tsx(510,67): error TS2339: Property 'name' does not exist on type 'PlanetPosition'.
src/components/KundliChart.tsx(511,54): error TS2339: Property 'name' does not exist on type 'PlanetPosition'.
src/components/KundliChart.tsx(513,60): error TS2339: Property 'name' does not exist on type 'PlanetPosition'.
src/components/MarkdownViewer.tsx(35,41): error TS2345: Argument of type 'string | Promise<string>' is not assignable to parameter of type 'string | Node'.
  Type 'Promise<string>' is not assignable to type 'string | Node'.
src/components/MobileAppDashboard.tsx(637,66): error TS18048: 'notification.sentAt' is possibly 'undefined'.
src/components/MuhurtaFinderPanel.tsx(217,9): error TS2322: Type '{ tithi: { name: string; paksha: string; quality: "auspicious" | "inauspicious"; }; nakshatra: { name: string; quality: "neutral" | "auspicious"; }; yoga: { name: string; quality: "auspicious" | "inauspicious"; }; karana: { ...; }; vara: { ...; }; }' is not assignable to type '{ tithi: PanchangLimb; nakshatra: PanchangLimb; yoga: PanchangLimb; karana: PanchangLimb; vara: PanchangLimb; }'.
  The types of 'tithi.paksha' are incompatible between these types.
    Type 'string' is not assignable to type '"Shukla" | "Krishna" | undefined'.
src/components/PanchangCard.tsx(17,8): error TS2724: '"@/services/panchangService"' has no exported member named 'PanchangData'. Did you mean 'Panchang'?
src/components/PanchangCard.tsx(58,14): error TS2554: Expected 5 arguments, but got 3.
src/components/PanchangCard.tsx(111,36): error TS2551: Property 'nameHi' does not exist on type 'Tithi'. Did you mean 'name'?
src/components/PanchangCard.tsx(113,39): error TS2339: Property 'typeHi' does not exist on type 'Tithi'.
src/components/PanchangCard.tsx(113,77): error TS2339: Property 'type' does not exist on type 'Tithi'.
src/components/PanchangCard.tsx(115,74): error TS2339: Property 'natureHi' does not exist on type 'Tithi'.
src/components/PanchangCard.tsx(115,104): error TS2339: Property 'nature' does not exist on type 'Tithi'.
src/components/PanchangCard.tsx(116,72): error TS2339: Property 'endTime' does not exist on type 'Tithi'.
src/components/PanchangCard.tsx(127,40): error TS2551: Property 'nameHi' does not exist on type 'Nakshatra'. Did you mean 'name'?
src/components/PanchangCard.tsx(130,75): error TS2551: Property 'lordHi' does not exist on type 'Nakshatra'. Did you mean 'lord'?
src/components/PanchangCard.tsx(131,76): error TS2339: Property 'endTime' does not exist on type 'Nakshatra'.
src/components/PanchangCard.tsx(142,34): error TS2551: Property 'nameHi' does not exist on type 'Yoga'. Did you mean 'name'?
src/components/PanchangCard.tsx(144,70): error TS2339: Property 'typeHi' does not exist on type 'Yoga'.
src/components/PanchangCard.tsx(144,97): error TS2339: Property 'type' does not exist on type 'Yoga'.
src/components/PanchangCard.tsx(145,72): error TS2339: Property 'effectsHi' does not exist on type 'Yoga'.
src/components/PanchangCard.tsx(145,105): error TS2339: Property 'effects' does not exist on type 'Yoga'.
src/components/PanchangCard.tsx(146,71): error TS2339: Property 'endTime' does not exist on type 'Yoga'.
src/components/PanchangCard.tsx(157,36): error TS2551: Property 'nameHi' does not exist on type 'Karana'. Did you mean 'name'?
src/components/PanchangCard.tsx(159,72): error TS2339: Property 'lordHi' does not exist on type 'Karana'.
src/components/PanchangCard.tsx(159,101): error TS2339: Property 'lord' does not exist on type 'Karana'.
src/components/PanchangCard.tsx(160,75): error TS2339: Property 'natureHi' does not exist on type 'Karana'.
src/components/PanchangCard.tsx(160,106): error TS2339: Property 'nature' does not exist on type 'Karana'.
src/components/PanchangCard.tsx(161,73): error TS2339: Property 'endTime' does not exist on type 'Karana'.
src/components/PanchangCard.tsx(169,23): error TS2339: Property 'abhijitMuhurat' does not exist on type 'Panchang'.
src/components/PanchangCard.tsx(169,62): error TS2339: Property 'abhijitMuhurat' does not exist on type 'Panchang'.
src/components/PanchangCard.tsx(171,22): error TS2339: Property 'auspiciousTimes' does not exist on type 'Panchang'.
src/components/PanchangCard.tsx(174,22): error TS2339: Property 'auspiciousTimes' does not exist on type 'Panchang'.
src/components/PanchangCard.tsx(175,12): error TS7006: Parameter 't' implicitly has an 'any' type.
src/components/PanchangCard.tsx(182,23): error TS2339: Property 'rahuKaal' does not exist on type 'Panchang'.
src/components/PanchangCard.tsx(182,56): error TS2339: Property 'rahuKaal' does not exist on type 'Panchang'.
src/components/PanchangCard.tsx(184,22): error TS2339: Property 'inauspiciousTimes' does not exist on type 'Panchang'.
src/components/PanchangCard.tsx(187,22): error TS2339: Property 'inauspiciousTimes' does not exist on type 'Panchang'.
src/components/PanchangCard.tsx(188,12): error TS7006: Parameter 't' implicitly has an 'any' type.
src/components/PanchangCard.tsx(202,22): error TS2339: Property 'festivals' does not exist on type 'Panchang'.
src/components/PanchangCard.tsx(204,20): error TS2339: Property 'festivals' does not exist on type 'Panchang'.
src/components/PanchangCard.tsx(204,39): error TS7006: Parameter 'festival' implicitly has an 'any' type.
src/components/PanchangCard.tsx(204,49): error TS7006: Parameter 'idx' implicitly has an 'any' type.
src/components/PanchangCard.tsx(236,39): error TS2551: Property 'nameHi' does not exist on type 'Tithi'. Did you mean 'name'?
src/components/PanchangCard.tsx(237,43): error TS2339: Property 'typeHi' does not exist on type 'Tithi'.
src/components/PanchangCard.tsx(237,84): error TS2339: Property 'type' does not exist on type 'Tithi'.
src/components/PanchangCard.tsx(238,40): error TS2339: Property 'natureHi' does not exist on type 'Tithi'.
src/components/PanchangCard.tsx(238,70): error TS2339: Property 'nature' does not exist on type 'Tithi'.
src/components/PanchangCard.tsx(239,32): error TS2339: Property 'endTime' does not exist on type 'Tithi'.
src/components/PanchangCard.tsx(243,43): error TS2551: Property 'nameHi' does not exist on type 'Nakshatra'. Did you mean 'name'?
src/components/PanchangCard.tsx(245,55): error TS2551: Property 'lordHi' does not exist on type 'Nakshatra'. Did you mean 'lord'?
src/components/PanchangCard.tsx(246,36): error TS2339: Property 'endTime' does not exist on type 'Nakshatra'.
src/components/PanchangCard.tsx(250,38): error TS2551: Property 'nameHi' does not exist on type 'Yoga'. Did you mean 'name'?
src/components/PanchangCard.tsx(252,39): error TS2339: Property 'typeHi' does not exist on type 'Yoga'.
src/components/PanchangCard.tsx(252,66): error TS2339: Property 'type' does not exist on type 'Yoga'.
src/components/PanchangCard.tsx(253,31): error TS2339: Property 'endTime' does not exist on type 'Yoga'.
src/components/PanchangCard.tsx(257,40): error TS2551: Property 'nameHi' does not exist on type 'Karana'. Did you mean 'name'?
src/components/PanchangCard.tsx(259,41): error TS2339: Property 'natureHi' does not exist on type 'Karana'.
src/components/PanchangCard.tsx(259,72): error TS2339: Property 'nature' does not exist on type 'Karana'.
src/components/PanchangCard.tsx(260,33): error TS2339: Property 'endTime' does not exist on type 'Karana'.
src/components/PanchangCard.tsx(295,11): error TS2322: Type 'Date' is not assignable to type 'string'.
src/components/PanchangCard.tsx(299,11): error TS2322: Type 'Date' is not assignable to type 'string'.
src/components/PanchangCard.tsx(303,11): error TS2322: Type 'string | Date' is not assignable to type 'string'.
  Type 'Date' is not assignable to type 'string'.
src/components/PanchangCard.tsx(307,11): error TS2322: Type 'string | Date' is not assignable to type 'string'.
  Type 'Date' is not assignable to type 'string'.
src/components/PanchangCard.tsx(392,71): error TS2339: Property 'nature' does not exist on type 'Tithi'.
src/components/PanchangCard.tsx(393,48): error TS2339: Property 'natureHi' does not exist on type 'Tithi'.
src/components/PanchangCard.tsx(393,78): error TS2339: Property 'nature' does not exist on type 'Tithi'.
src/components/PanchangCard.tsx(397,46): error TS2551: Property 'nameHi' does not exist on type 'Tithi'. Did you mean 'name'?
src/components/PanchangCard.tsx(400,49): error TS2339: Property 'typeHi' does not exist on type 'Tithi'.
src/components/PanchangCard.tsx(400,87): error TS2339: Property 'type' does not exist on type 'Tithi'.
src/components/PanchangCard.tsx(402,53): error TS2339: Property 'percentage' does not exist on type 'Tithi'.
src/components/PanchangCard.tsx(404,69): error TS2339: Property 'endTime' does not exist on type 'Tithi'.
src/components/PanchangCard.tsx(422,50): error TS2551: Property 'nameHi' does not exist on type 'Nakshatra'. Did you mean 'name'?
src/components/PanchangCard.tsx(425,61): error TS2551: Property 'lordHi' does not exist on type 'Nakshatra'. Did you mean 'lord'?
src/components/PanchangCard.tsx(427,57): error TS2339: Property 'percentage' does not exist on type 'Nakshatra'.
src/components/PanchangCard.tsx(429,73): error TS2339: Property 'endTime' does not exist on type 'Nakshatra'.
src/components/PanchangCard.tsx(442,70): error TS2339: Property 'type' does not exist on type 'Yoga'.
src/components/PanchangCard.tsx(443,47): error TS2339: Property 'typeHi' does not exist on type 'Yoga'.
src/components/PanchangCard.tsx(443,74): error TS2339: Property 'type' does not exist on type 'Yoga'.
src/components/PanchangCard.tsx(447,45): error TS2551: Property 'nameHi' does not exist on type 'Yoga'. Did you mean 'name'?
src/components/PanchangCard.tsx(450,45): error TS2339: Property 'effectsHi' does not exist on type 'Yoga'.
src/components/PanchangCard.tsx(450,78): error TS2339: Property 'effects' does not exist on type 'Yoga'.
src/components/PanchangCard.tsx(452,52): error TS2339: Property 'percentage' does not exist on type 'Yoga'.
src/components/PanchangCard.tsx(454,68): error TS2339: Property 'endTime' does not exist on type 'Yoga'.
src/components/PanchangCard.tsx(467,72): error TS2339: Property 'nature' does not exist on type 'Karana'.
src/components/PanchangCard.tsx(468,49): error TS2339: Property 'natureHi' does not exist on type 'Karana'.
src/components/PanchangCard.tsx(468,80): error TS2339: Property 'nature' does not exist on type 'Karana'.
src/components/PanchangCard.tsx(472,47): error TS2551: Property 'nameHi' does not exist on type 'Karana'. Did you mean 'name'?
src/components/PanchangCard.tsx(475,58): error TS2339: Property 'lordHi' does not exist on type 'Karana'.
src/components/PanchangCard.tsx(475,98): error TS2339: Property 'lord' does not exist on type 'Karana'.
src/components/PanchangCard.tsx(477,54): error TS2339: Property 'percentage' does not exist on type 'Karana'.
src/components/PanchangCard.tsx(479,70): error TS2339: Property 'endTime' does not exist on type 'Karana'.
src/components/PanchangCard.tsx(496,68): error TS2322: Type 'Date' is not assignable to type 'ReactNode'.
src/components/PanchangCard.tsx(505,68): error TS2322: Type 'Date' is not assignable to type 'ReactNode'.
src/components/PanchangCard.tsx(514,68): error TS2322: Type 'Date | undefined' is not assignable to type 'ReactNode'.
  Type 'Date' is not assignable to type 'ReactNode'.
src/components/PanchangCard.tsx(523,68): error TS2322: Type 'Date | undefined' is not assignable to type 'ReactNode'.
  Type 'Date' is not assignable to type 'ReactNode'.
src/components/PanchangCard.tsx(551,35): error TS2339: Property 'abhijitMuhurat' does not exist on type 'Panchang'.
src/components/PanchangCard.tsx(551,73): error TS2339: Property 'abhijitMuhurat' does not exist on type 'Panchang'.
src/components/PanchangCard.tsx(559,31): error TS2339: Property 'auspiciousTimes' does not exist on type 'Panchang'.
src/components/PanchangCard.tsx(559,52): error TS7006: Parameter 'time' implicitly has an 'any' type.
src/components/PanchangCard.tsx(559,58): error TS7006: Parameter 'index' implicitly has an 'any' type.
src/components/PanchangCard.tsx(598,35): error TS2339: Property 'rahuKaal' does not exist on type 'Panchang'.
src/components/PanchangCard.tsx(598,67): error TS2339: Property 'rahuKaal' does not exist on type 'Panchang'.
src/components/PanchangCard.tsx(606,31): error TS2339: Property 'inauspiciousTimes' does not exist on type 'Panchang'.
src/components/PanchangCard.tsx(606,54): error TS7006: Parameter 'time' implicitly has an 'any' type.
src/components/PanchangCard.tsx(606,60): error TS7006: Parameter 'index' implicitly has an 'any' type.
src/components/PanchangCard.tsx(630,27): error TS2339: Property 'festivals' does not exist on type 'Panchang'.
src/components/PanchangCard.tsx(632,31): error TS2339: Property 'festivals' does not exist on type 'Panchang'.
src/components/PanchangCard.tsx(632,46): error TS7006: Parameter 'festival' implicitly has an 'any' type.
src/components/PanchangCard.tsx(632,56): error TS7006: Parameter 'index' implicitly has an 'any' type.
src/components/PanchangCard.tsx(664,78): error TS7006: Parameter 'ritual' implicitly has an 'any' type.
src/components/PanchangCard.tsx(664,86): error TS7006: Parameter 'ritualIndex' implicitly has an 'any' type.
src/components/PerformanceMonitor.tsx(25,18): error TS2345: Argument of type 'PerformanceMetrics' is not assignable to parameter of type 'SetStateAction<PerformanceMetrics | null>'.
  Property 'score' is missing in type 'import("C:/Users/Rajkumar/Vedic_Rajkumar/src/utils/performanceMonitor").PerformanceMetrics' but required in type 'PerformanceMetrics'.
src/components/PerformanceMonitor.tsx(146,32): error TS2339: Property 'cacheHitRate' does not exist on type 'PerformanceMetrics'.
src/components/PerformanceMonitor.tsx(151,46): error TS2339: Property 'cacheHitRate' does not exist on type 'PerformanceMetrics'.
src/components/PerformanceMonitor.tsx(161,28): error TS2339: Property 'recommendations' does not exist on type 'PerformanceMetrics'.
src/components/PerformanceMonitor.tsx(161,49): error TS7006: Parameter 'rec' implicitly has an 'any' type.
src/components/PerformanceMonitor.tsx(161,54): error TS7006: Parameter 'idx' implicitly has an 'any' type.
src/components/ShareReportModal.tsx(81,14): error TS2774: This condition will always return true since this function is always defined. Did you mean to call it instead?
src/components/supplements/ShadbalaPanel.tsx(462,59): error TS2339: Property 'isRetrograde' does not exist on type 'ShadabalaResult'.
src/components/supplements/TransitsPanel.tsx(43,42): error TS2307: Cannot find module '../data/transitData' or its corresponding type declarations.
src/components/supplements/TransitsPanel.tsx(177,39): error TS7006: Parameter 'h' implicitly has an 'any' type.
src/components/synthesis/SynthesisDashboard.tsx(25,55): error TS2345: Argument of type '() => { planets: { name: string; rashiIndex: number; house: number; degrees: number; isRetrograde: boolean; longitude: number; }[]; lagnaRashiIdx: number; shadabala: ShadabalaResult[]; ... 7 more ...; divisional: { ...; }; } | null' is not assignable to parameter of type '() => AstrologicalContext | null'.
  Type '{ planets: { name: string; rashiIndex: number; house: number; degrees: number; isRetrograde: boolean; longitude: number; }[]; lagnaRashiIdx: number; shadabala: ShadabalaResult[]; ... 7 more ...; divisional: { ...; }; } | null' is not assignable to type 'AstrologicalContext | null'.
    Type '{ planets: { name: string; rashiIndex: number; house: number; degrees: number; isRetrograde: boolean; longitude: number; }[]; lagnaRashiIdx: number; shadabala: ShadabalaResult[]; ... 7 more ...; divisional: { ...; }; }' is not assignable to type 'AstrologicalContext'.
      Types of property 'jaiminiAnalysis' are incompatible.
        Type '{ atmakaraka: null; padaLagna: { rashiIndex: number; rashiName: string; degree: number; }; upapadaLagna: null; narrative: { soulDesire: string; publicImage: string; relationshipManifestation: string; careerPerception: string; }; }' is missing the following properties from type 'JaiminiAnalysis': karakas, rashiAspects, a4, a10, and 3 more.
src/components/ui/chart.tsx(116,7): error TS2339: Property 'payload' does not exist on type 'Omit<Omit<Props<ValueType, NameType>, PropertiesReadFromContext> & { active?: boolean | undefined; allowEscapeViewBox?: AllowInDimension | undefined; ... 24 more ...; wrapperStyle?: CSSProperties | undefined; } & ClassAttributes<...> & HTMLAttributes<...> & { ...; }, "ref">'.
src/components/ui/chart.tsx(121,7): error TS2339: Property 'label' does not exist on type 'Omit<Omit<Props<ValueType, NameType>, PropertiesReadFromContext> & { active?: boolean | undefined; allowEscapeViewBox?: AllowInDimension | undefined; ... 24 more ...; wrapperStyle?: CSSProperties | undefined; } & ClassAttributes<...> & HTMLAttributes<...> & { ...; }, "ref">'.
src/components/ui/chart.tsx(186,22): error TS7006: Parameter 'item' implicitly has an 'any' type.
src/components/ui/chart.tsx(187,19): error TS7006: Parameter 'item' implicitly has an 'any' type.
src/components/ui/chart.tsx(187,25): error TS7006: Parameter 'index' implicitly has an 'any' type.
src/components/ui/chart.tsx(263,41): error TS2344: Type '"verticalAlign" | "payload"' does not satisfy the constraint '"content" | "children" | "dangerouslySetInnerHTML" | "onCopy" | "onCopyCapture" | "onCut" | "onCutCapture" | "onPaste" | "onPasteCapture" | "onCompositionEnd" | "onCompositionEndCapture" | ... 169 more ... | "portal"'.
  Type '"payload"' is not assignable to type '"content" | "children" | "dangerouslySetInnerHTML" | "onCopy" | "onCopyCapture" | "onCut" | "onCutCapture" | "onPaste" | "onPasteCapture" | "onCompositionEnd" | "onCompositionEndCapture" | ... 169 more ... | "portal"'.
src/components/ui/chart.tsx(274,19): error TS2339: Property 'length' does not exist on type '{}'.
src/components/ui/chart.tsx(288,12): error TS2339: Property 'filter' does not exist on type '{}'.
src/components/ui/chart.tsx(288,20): error TS7006: Parameter 'item' implicitly has an 'any' type.
src/components/ui/chart.tsx(289,17): error TS7006: Parameter 'item' implicitly has an 'any' type.
src/components/UserFeedbackWidget.tsx(350,58): error TS2345: Argument of type '{ type: string; category: string; status: string; priority: string; }' is not assignable to parameter of type '{ type?: "general" | "bug" | "improvement" | "rating" | "feature" | undefined; category?: "other" | "ui" | "accuracy" | "performance" | "features" | "documentation" | undefined; ... 4 more ...; search?: string | undefined; }'.
  Types of property 'type' are incompatible.
    Type 'string' is not assignable to type '"general" | "bug" | "improvement" | "rating" | "feature" | undefined'.
src/components/UserFeedbackWidget.tsx(428,31): error TS18048: 'item.rating' is possibly 'undefined'.
src/components/YogasIdentificationDashboard.tsx(90,3): error TS2305: Module '"lucide-react"' has no exported member 'Ring'.
src/data/careerData.ts(276,9): error TS7053: Element implicitly has an 'any' type because expression of type 'string' can't be used to index type '{ Sun: { en: string[]; hi: string[]; }; Moon: { en: string[]; hi: string[]; }; Mars: { en: string[]; hi: string[]; }; Mercury: { en: string[]; hi: string[]; }; Jupiter: { en: string[]; hi: string[]; }; Venus: { en: string[]; hi: string[]; }; Saturn: { ...; }; Rahu: { ...; }; Ketu: { ...; }; }'.
  No index signature with a parameter of type 'string' was found on type '{ Sun: { en: string[]; hi: string[]; }; Moon: { en: string[]; hi: string[]; }; Mars: { en: string[]; hi: string[]; }; Mercury: { en: string[]; hi: string[]; }; Jupiter: { en: string[]; hi: string[]; }; Venus: { en: string[]; hi: string[]; }; Saturn: { ...; }; Rahu: { ...; }; Ketu: { ...; }; }'.
src/data/careerData.ts(277,30): error TS7053: Element implicitly has an 'any' type because expression of type 'string' can't be used to index type '{ Sun: { en: string[]; hi: string[]; }; Moon: { en: string[]; hi: string[]; }; Mars: { en: string[]; hi: string[]; }; Mercury: { en: string[]; hi: string[]; }; Jupiter: { en: string[]; hi: string[]; }; Venus: { en: string[]; hi: string[]; }; Saturn: { ...; }; Rahu: { ...; }; Ketu: { ...; }; }'.
  No index signature with a parameter of type 'string' was found on type '{ Sun: { en: string[]; hi: string[]; }; Moon: { en: string[]; hi: string[]; }; Mars: { en: string[]; hi: string[]; }; Mercury: { en: string[]; hi: string[]; }; Jupiter: { en: string[]; hi: string[]; }; Venus: { en: string[]; hi: string[]; }; Saturn: { ...; }; Rahu: { ...; }; Ketu: { ...; }; }'.
src/data/careerData.ts(278,32): error TS7053: Element implicitly has an 'any' type because expression of type 'string' can't be used to index type '{ Sun: { en: string[]; hi: string[]; }; Moon: { en: string[]; hi: string[]; }; Mars: { en: string[]; hi: string[]; }; Mercury: { en: string[]; hi: string[]; }; Jupiter: { en: string[]; hi: string[]; }; Venus: { en: string[]; hi: string[]; }; Saturn: { ...; }; Rahu: { ...; }; Ketu: { ...; }; }'.
  No index signature with a parameter of type 'string' was found on type '{ Sun: { en: string[]; hi: string[]; }; Moon: { en: string[]; hi: string[]; }; Mars: { en: string[]; hi: string[]; }; Mercury: { en: string[]; hi: string[]; }; Jupiter: { en: string[]; hi: string[]; }; Venus: { en: string[]; hi: string[]; }; Saturn: { ...; }; Rahu: { ...; }; Ketu: { ...; }; }'.
src/data/careerData.ts(286,9): error TS7053: Element implicitly has an 'any' type because expression of type 'string' can't be used to index type '{ Sun: { en: string[]; hi: string[]; }; Moon: { en: string[]; hi: string[]; }; Mars: { en: string[]; hi: string[]; }; Mercury: { en: string[]; hi: string[]; }; Jupiter: { en: string[]; hi: string[]; }; Venus: { en: string[]; hi: string[]; }; Saturn: { ...; }; }'.
  No index signature with a parameter of type 'string' was found on type '{ Sun: { en: string[]; hi: string[]; }; Moon: { en: string[]; hi: string[]; }; Mars: { en: string[]; hi: string[]; }; Mercury: { en: string[]; hi: string[]; }; Jupiter: { en: string[]; hi: string[]; }; Venus: { en: string[]; hi: string[]; }; Saturn: { ...; }; }'.
src/data/careerData.ts(287,25): error TS7053: Element implicitly has an 'any' type because expression of type 'string' can't be used to index type '{ Sun: { en: string[]; hi: string[]; }; Moon: { en: string[]; hi: string[]; }; Mars: { en: string[]; hi: string[]; }; Mercury: { en: string[]; hi: string[]; }; Jupiter: { en: string[]; hi: string[]; }; Venus: { en: string[]; hi: string[]; }; Saturn: { ...; }; }'.
  No index signature with a parameter of type 'string' was found on type '{ Sun: { en: string[]; hi: string[]; }; Moon: { en: string[]; hi: string[]; }; Mars: { en: string[]; hi: string[]; }; Mercury: { en: string[]; hi: string[]; }; Jupiter: { en: string[]; hi: string[]; }; Venus: { en: string[]; hi: string[]; }; Saturn: { ...; }; }'.
src/data/careerData.ts(288,27): error TS7053: Element implicitly has an 'any' type because expression of type 'string' can't be used to index type '{ Sun: { en: string[]; hi: string[]; }; Moon: { en: string[]; hi: string[]; }; Mars: { en: string[]; hi: string[]; }; Mercury: { en: string[]; hi: string[]; }; Jupiter: { en: string[]; hi: string[]; }; Venus: { en: string[]; hi: string[]; }; Saturn: { ...; }; }'.
  No index signature with a parameter of type 'string' was found on type '{ Sun: { en: string[]; hi: string[]; }; Moon: { en: string[]; hi: string[]; }; Mars: { en: string[]; hi: string[]; }; Mercury: { en: string[]; hi: string[]; }; Jupiter: { en: string[]; hi: string[]; }; Venus: { en: string[]; hi: string[]; }; Saturn: { ...; }; }'.
src/data/careerData.ts(296,9): error TS7053: Element implicitly has an 'any' type because expression of type 'string' can't be used to index type '{ Sun: { en: string[]; hi: string[]; }; Moon: { en: string[]; hi: string[]; }; Mars: { en: string[]; hi: string[]; }; Mercury: { en: string[]; hi: string[]; }; Jupiter: { en: string[]; hi: string[]; }; Venus: { en: string[]; hi: string[]; }; Saturn: { ...; }; }'.
  No index signature with a parameter of type 'string' was found on type '{ Sun: { en: string[]; hi: string[]; }; Moon: { en: string[]; hi: string[]; }; Mars: { en: string[]; hi: string[]; }; Mercury: { en: string[]; hi: string[]; }; Jupiter: { en: string[]; hi: string[]; }; Venus: { en: string[]; hi: string[]; }; Saturn: { ...; }; }'.
src/data/careerData.ts(297,26): error TS7053: Element implicitly has an 'any' type because expression of type 'string' can't be used to index type '{ Sun: { en: string[]; hi: string[]; }; Moon: { en: string[]; hi: string[]; }; Mars: { en: string[]; hi: string[]; }; Mercury: { en: string[]; hi: string[]; }; Jupiter: { en: string[]; hi: string[]; }; Venus: { en: string[]; hi: string[]; }; Saturn: { ...; }; }'.
  No index signature with a parameter of type 'string' was found on type '{ Sun: { en: string[]; hi: string[]; }; Moon: { en: string[]; hi: string[]; }; Mars: { en: string[]; hi: string[]; }; Mercury: { en: string[]; hi: string[]; }; Jupiter: { en: string[]; hi: string[]; }; Venus: { en: string[]; hi: string[]; }; Saturn: { ...; }; }'.
src/data/careerData.ts(298,28): error TS7053: Element implicitly has an 'any' type because expression of type 'string' can't be used to index type '{ Sun: { en: string[]; hi: string[]; }; Moon: { en: string[]; hi: string[]; }; Mars: { en: string[]; hi: string[]; }; Mercury: { en: string[]; hi: string[]; }; Jupiter: { en: string[]; hi: string[]; }; Venus: { en: string[]; hi: string[]; }; Saturn: { ...; }; }'.
  No index signature with a parameter of type 'string' was found on type '{ Sun: { en: string[]; hi: string[]; }; Moon: { en: string[]; hi: string[]; }; Mars: { en: string[]; hi: string[]; }; Mercury: { en: string[]; hi: string[]; }; Jupiter: { en: string[]; hi: string[]; }; Venus: { en: string[]; hi: string[]; }; Saturn: { ...; }; }'.
src/data/careerData.ts(418,9): error TS7053: Element implicitly has an 'any' type because expression of type 'string' can't be used to index type '{ Sun: { en: string[]; hi: string[]; }; Moon: { en: string[]; hi: string[]; }; Mars: { en: string[]; hi: string[]; }; Mercury: { en: string[]; hi: string[]; }; Jupiter: { en: string[]; hi: string[]; }; Venus: { en: string[]; hi: string[]; }; Saturn: { ...; }; }'.
  No index signature with a parameter of type 'string' was found on type '{ Sun: { en: string[]; hi: string[]; }; Moon: { en: string[]; hi: string[]; }; Mars: { en: string[]; hi: string[]; }; Mercury: { en: string[]; hi: string[]; }; Jupiter: { en: string[]; hi: string[]; }; Venus: { en: string[]; hi: string[]; }; Saturn: { ...; }; }'.
src/data/careerData.ts(419,24): error TS7053: Element implicitly has an 'any' type because expression of type 'string' can't be used to index type '{ Sun: { en: string[]; hi: string[]; }; Moon: { en: string[]; hi: string[]; }; Mars: { en: string[]; hi: string[]; }; Mercury: { en: string[]; hi: string[]; }; Jupiter: { en: string[]; hi: string[]; }; Venus: { en: string[]; hi: string[]; }; Saturn: { ...; }; }'.
  No index signature with a parameter of type 'string' was found on type '{ Sun: { en: string[]; hi: string[]; }; Moon: { en: string[]; hi: string[]; }; Mars: { en: string[]; hi: string[]; }; Mercury: { en: string[]; hi: string[]; }; Jupiter: { en: string[]; hi: string[]; }; Venus: { en: string[]; hi: string[]; }; Saturn: { ...; }; }'.
src/data/careerData.ts(420,26): error TS7053: Element implicitly has an 'any' type because expression of type 'string' can't be used to index type '{ Sun: { en: string[]; hi: string[]; }; Moon: { en: string[]; hi: string[]; }; Mars: { en: string[]; hi: string[]; }; Mercury: { en: string[]; hi: string[]; }; Jupiter: { en: string[]; hi: string[]; }; Venus: { en: string[]; hi: string[]; }; Saturn: { ...; }; }'.
  No index signature with a parameter of type 'string' was found on type '{ Sun: { en: string[]; hi: string[]; }; Moon: { en: string[]; hi: string[]; }; Mars: { en: string[]; hi: string[]; }; Mercury: { en: string[]; hi: string[]; }; Jupiter: { en: string[]; hi: string[]; }; Venus: { en: string[]; hi: string[]; }; Saturn: { ...; }; }'.
src/data/careerData.ts(422,9): error TS7053: Element implicitly has an 'any' type because expression of type 'string' can't be used to index type '{ Sun: { en: string; hi: string; }; Moon: { en: string; hi: string; }; Mars: { en: string; hi: string; }; Mercury: { en: string; hi: string; }; Jupiter: { en: string; hi: string; }; Venus: { en: string; hi: string; }; Saturn: { ...; }; Rahu: { ...; }; Ketu: { ...; }; }'.
  No index signature with a parameter of type 'string' was found on type '{ Sun: { en: string; hi: string; }; Moon: { en: string; hi: string; }; Mars: { en: string; hi: string; }; Mercury: { en: string; hi: string; }; Jupiter: { en: string; hi: string; }; Venus: { en: string; hi: string; }; Saturn: { ...; }; Rahu: { ...; }; Ketu: { ...; }; }'.
src/data/careerData.ts(423,22): error TS7053: Element implicitly has an 'any' type because expression of type 'string' can't be used to index type '{ Sun: { en: string; hi: string; }; Moon: { en: string; hi: string; }; Mars: { en: string; hi: string; }; Mercury: { en: string; hi: string; }; Jupiter: { en: string; hi: string; }; Venus: { en: string; hi: string; }; Saturn: { ...; }; Rahu: { ...; }; Ketu: { ...; }; }'.
  No index signature with a parameter of type 'string' was found on type '{ Sun: { en: string; hi: string; }; Moon: { en: string; hi: string; }; Mars: { en: string; hi: string; }; Mercury: { en: string; hi: string; }; Jupiter: { en: string; hi: string; }; Venus: { en: string; hi: string; }; Saturn: { ...; }; Rahu: { ...; }; Ketu: { ...; }; }'.
src/data/careerData.ts(424,24): error TS7053: Element implicitly has an 'any' type because expression of type 'string' can't be used to index type '{ Sun: { en: string; hi: string; }; Moon: { en: string; hi: string; }; Mars: { en: string; hi: string; }; Mercury: { en: string; hi: string; }; Jupiter: { en: string; hi: string; }; Venus: { en: string; hi: string; }; Saturn: { ...; }; Rahu: { ...; }; Ketu: { ...; }; }'.
  No index signature with a parameter of type 'string' was found on type '{ Sun: { en: string; hi: string; }; Moon: { en: string; hi: string; }; Mars: { en: string; hi: string; }; Mercury: { en: string; hi: string; }; Jupiter: { en: string; hi: string; }; Venus: { en: string; hi: string; }; Saturn: { ...; }; Rahu: { ...; }; Ketu: { ...; }; }'.
src/data/kaalSarpData.ts(248,22): error TS7053: Element implicitly has an 'any' type because expression of type 'string' can't be used to index type '{ "Anant Kaal Sarp Yoga": { en: string; hi: string; effects: { positive: string[]; negative: string[]; }; }; "Kulik Kaal Sarp Yoga": { en: string; hi: string; effects: { positive: string[]; negative: string[]; }; }; ... 9 more ...; "Sheshnag Kaal Sarp Yoga": { ...; }; }'.
  No index signature with a parameter of type 'string' was found on type '{ "Anant Kaal Sarp Yoga": { en: string; hi: string; effects: { positive: string[]; negative: string[]; }; }; "Kulik Kaal Sarp Yoga": { en: string; hi: string; effects: { positive: string[]; negative: string[]; }; }; ... 9 more ...; "Sheshnag Kaal Sarp Yoga": { ...; }; }'.
src/data/kaalSarpData.ts(267,26): error TS7053: Element implicitly has an 'any' type because expression of type 'string' can't be used to index type '{ "Anant Kaal Sarp Yoga": { en: string; hi: string; effects: { positive: string[]; negative: string[]; }; }; "Kulik Kaal Sarp Yoga": { en: string; hi: string; effects: { positive: string[]; negative: string[]; }; }; ... 9 more ...; "Sheshnag Kaal Sarp Yoga": { ...; }; }'.
  No index signature with a parameter of type 'string' was found on type '{ "Anant Kaal Sarp Yoga": { en: string; hi: string; effects: { positive: string[]; negative: string[]; }; }; "Kulik Kaal Sarp Yoga": { en: string; hi: string; effects: { positive: string[]; negative: string[]; }; }; ... 9 more ...; "Sheshnag Kaal Sarp Yoga": { ...; }; }'.
src/data/kaalSarpData.ts(268,29): error TS7053: Element implicitly has an 'any' type because expression of type 'string' can't be used to index type '{ "Anant Kaal Sarp Yoga": { en: string; hi: string; effects: { positive: string[]; negative: string[]; }; }; "Kulik Kaal Sarp Yoga": { en: string; hi: string; effects: { positive: string[]; negative: string[]; }; }; ... 9 more ...; "Sheshnag Kaal Sarp Yoga": { ...; }; }'.
  No index signature with a parameter of type 'string' was found on type '{ "Anant Kaal Sarp Yoga": { en: string; hi: string; effects: { positive: string[]; negative: string[]; }; }; "Kulik Kaal Sarp Yoga": { en: string; hi: string; effects: { positive: string[]; negative: string[]; }; }; ... 9 more ...; "Sheshnag Kaal Sarp Yoga": { ...; }; }'.
src/data/kaalSarpData.ts(269,29): error TS7053: Element implicitly has an 'any' type because expression of type 'string' can't be used to index type '{ "Anant Kaal Sarp Yoga": { en: string; hi: string; effects: { positive: string[]; negative: string[]; }; }; "Kulik Kaal Sarp Yoga": { en: string; hi: string; effects: { positive: string[]; negative: string[]; }; }; ... 9 more ...; "Sheshnag Kaal Sarp Yoga": { ...; }; }'.
  No index signature with a parameter of type 'string' was found on type '{ "Anant Kaal Sarp Yoga": { en: string; hi: string; effects: { positive: string[]; negative: string[]; }; }; "Kulik Kaal Sarp Yoga": { en: string; hi: string; effects: { positive: string[]; negative: string[]; }; }; ... 9 more ...; "Sheshnag Kaal Sarp Yoga": { ...; }; }'.
src/data/kaalSarpData.ts(272,31): error TS7053: Element implicitly has an 'any' type because expression of type 'string' can't be used to index type '{ "Anant Kaal Sarp Yoga": { en: string; hi: string; effects: { positive: string[]; negative: string[]; }; }; "Kulik Kaal Sarp Yoga": { en: string; hi: string; effects: { positive: string[]; negative: string[]; }; }; ... 9 more ...; "Sheshnag Kaal Sarp Yoga": { ...; }; }'.
  No index signature with a parameter of type 'string' was found on type '{ "Anant Kaal Sarp Yoga": { en: string; hi: string; effects: { positive: string[]; negative: string[]; }; }; "Kulik Kaal Sarp Yoga": { en: string; hi: string; effects: { positive: string[]; negative: string[]; }; }; ... 9 more ...; "Sheshnag Kaal Sarp Yoga": { ...; }; }'.
src/data/kaalSarpData.ts(272,78): error TS7006: Parameter 'e' implicitly has an 'any' type.
src/data/kaalSarpData.ts(273,31): error TS7053: Element implicitly has an 'any' type because expression of type 'string' can't be used to index type '{ "Anant Kaal Sarp Yoga": { en: string; hi: string; effects: { positive: string[]; negative: string[]; }; }; "Kulik Kaal Sarp Yoga": { en: string; hi: string; effects: { positive: string[]; negative: string[]; }; }; ... 9 more ...; "Sheshnag Kaal Sarp Yoga": { ...; }; }'.
  No index signature with a parameter of type 'string' was found on type '{ "Anant Kaal Sarp Yoga": { en: string; hi: string; effects: { positive: string[]; negative: string[]; }; }; "Kulik Kaal Sarp Yoga": { en: string; hi: string; effects: { positive: string[]; negative: string[]; }; }; ... 9 more ...; "Sheshnag Kaal Sarp Yoga": { ...; }; }'.
src/data/kaalSarpData.ts(273,78): error TS7006: Parameter 'e' implicitly has an 'any' type.
src/data/manglikData.ts(79,5): error TS2322: Type '[string[], string[]]' is not assignable to type 'string[]'.
  Type 'string[]' is not assignable to type 'string'.
src/features/matchmaking/stubs.ts(438,7): error TS2532: Object is possibly 'undefined'.
src/hooks/use-lang.ts(1,24): error TS2307: Cannot find module 'zustand' or its corresponding type declarations.
src/hooks/use-lang.ts(11,43): error TS7006: Parameter 'set' implicitly has an 'any' type.
src/hooks/use-lang.ts(13,22): error TS7006: Parameter 'state' implicitly has an 'any' type.
src/hooks/use-lang.ts(14,13): error TS7006: Parameter 'lang' implicitly has an 'any' type.
src/hooks/useSubjectiveAnalysis.ts(256,9): error TS2739: Type '{ sign: ZodiacSign; degree: number; planet: PlanetName; }' is missing the following properties from type 'PlanetPosition': house, retrograde
src/hooks/useSubjectiveAnalysis.ts(277,9): error TS2739: Type '{ sign: ZodiacSign; degree: number; }' is missing the following properties from type 'PlanetPosition': planet, house, retrograde
src/hooks/useSubjectiveAnalysis.ts(302,9): error TS2739: Type '{ sign: ZodiacSign; degree: number; }' is missing the following properties from type 'PlanetPosition': planet, house, retrograde
src/hooks/useSubjectiveAnalysis.ts(319,13): error TS2322: Type '{ mahadasha: PlanetName; antardasha: PlanetName; startDate: string; endDate: string; isActive: boolean; }[]' is not assignable to type 'DashaPeriod[]'.
  Property 'remainingYears' is missing in type '{ mahadasha: PlanetName; antardasha: PlanetName; startDate: string; endDate: string; isActive: boolean; }' but required in type 'DashaPeriod'.
src/hooks/useSubjectiveAnalysis.ts(339,11): error TS2353: Object literal may only specify known properties, and 'retrograde' does not exist in type 'Transit'.
src/hooks/useSubjectiveAnalysis.ts(346,11): error TS2353: Object literal may only specify known properties, and 'retrograde' does not exist in type 'Transit'.
src/lib/api.ts(45,11): error TS2769: No overload matches this call.
  Overload 1 of 2, '(relation: "transit_readings"): PostgrestQueryBuilder<{ PostgrestVersion: "14.1"; }, { Tables: { transit_readings: { Row: { birth_date: string; birth_location: string; birth_time: string; created_at: string; ... 5 more ...; transit_date: string; }; Insert: { ...; }; Update: { ...; }; Relationships: []; }; }; Views: {}; Functions: {}; Enums: {}; CompositeTypes: {}; }, { ...; }, "transit_readings", []>', gave the following error.
    Argument of type '"readings"' is not assignable to parameter of type '"transit_readings"'.
  Overload 2 of 2, '(relation: never): PostgrestQueryBuilder<{ PostgrestVersion: "14.1"; }, { Tables: { transit_readings: { Row: { birth_date: string; birth_location: string; birth_time: string; created_at: string; id: string; moon_rashi_index: number; overall_score: number; owner_id: string | null; results: Json; transit_date: string; }; Insert: { ...; }; Update: { ...; }; Relationships: []; }; }; Views: {}; Functions: {}; Enums: {}; CompositeTypes: {}; }, never, never, never>', gave the following error.
    Argument of type '"readings"' is not assignable to parameter of type 'never'.
src/lib/api.ts(47,9): error TS2345: Argument of type '"user_id"' is not assignable to parameter of type '"id" | "results" | "birth_date" | "birth_time" | "birth_location" | "created_at" | "moon_rashi_index" | "overall_score" | "owner_id" | "transit_date"'.
src/lib/api.ts(62,11): error TS2769: No overload matches this call.
  Overload 1 of 2, '(relation: "transit_readings"): PostgrestQueryBuilder<{ PostgrestVersion: "14.1"; }, { Tables: { transit_readings: { Row: { birth_date: string; birth_location: string; birth_time: string; created_at: string; ... 5 more ...; transit_date: string; }; Insert: { ...; }; Update: { ...; }; Relationships: []; }; }; Views: {}; Functions: {}; Enums: {}; CompositeTypes: {}; }, { ...; }, "transit_readings", []>', gave the following error.
    Argument of type '"readings"' is not assignable to parameter of type '"transit_readings"'.
  Overload 2 of 2, '(relation: never): PostgrestQueryBuilder<{ PostgrestVersion: "14.1"; }, { Tables: { transit_readings: { Row: { birth_date: string; birth_location: string; birth_time: string; created_at: string; id: string; moon_rashi_index: number; overall_score: number; owner_id: string | null; results: Json; transit_date: string; }; Insert: { ...; }; Update: { ...; }; Relationships: []; }; }; Views: {}; Functions: {}; Enums: {}; CompositeTypes: {}; }, never, never, never>', gave the following error.
    Argument of type '"readings"' is not assignable to parameter of type 'never'.
src/lib/api.ts(63,13): error TS2345: Argument of type '{ user_id: string; birth_date: string; birth_time: string; birth_place: string; report_type: string; report_data: Record<string, unknown>; }' is not assignable to parameter of type 'RejectExcessProperties<{ birth_date: string; birth_location: string; birth_time: string; created_at?: string | undefined; id?: string | undefined; moon_rashi_index: number; overall_score: number; owner_id?: string | ... 1 more ... | undefined; results: Json; transit_date: string; }, { ...; }> | RejectExcessPropertie...'.
  Type '{ user_id: string; birth_date: string; birth_time: string; birth_place: string; report_type: string; report_data: Record<string, unknown>; }' is not assignable to type 'RejectExcessProperties<{ birth_date: string; birth_location: string; birth_time: string; created_at?: string | undefined; id?: string | undefined; moon_rashi_index: number; overall_score: number; owner_id?: string | ... 1 more ... | undefined; results: Json; transit_date: string; }, { ...; }>'.
    Type '{ user_id: string; birth_date: string; birth_time: string; birth_place: string; report_type: string; report_data: Record<string, unknown>; }' is missing the following properties from type '{ birth_date: string; birth_location: string; birth_time: string; created_at?: string | undefined; id?: string | undefined; moon_rashi_index: number; overall_score: number; owner_id?: string | null | undefined; results: Json; transit_date: string; }': birth_location, moon_rashi_index, overall_score, results, transit_date
src/lib/api.ts(71,41): error TS2769: No overload matches this call.
  Overload 1 of 2, '(relation: "transit_readings"): PostgrestQueryBuilder<{ PostgrestVersion: "14.1"; }, { Tables: { transit_readings: { Row: { birth_date: string; birth_location: string; birth_time: string; created_at: string; ... 5 more ...; transit_date: string; }; Insert: { ...; }; Update: { ...; }; Relationships: []; }; }; Views: {}; Functions: {}; Enums: {}; CompositeTypes: {}; }, { ...; }, "transit_readings", []>', gave the following error.
    Argument of type '"readings"' is not assignable to parameter of type '"transit_readings"'.
  Overload 2 of 2, '(relation: never): PostgrestQueryBuilder<{ PostgrestVersion: "14.1"; }, { Tables: { transit_readings: { Row: { birth_date: string; birth_location: string; birth_time: string; created_at: string; id: string; moon_rashi_index: number; overall_score: number; owner_id: string | null; results: Json; transit_date: string; }; Insert: { ...; }; Update: { ...; }; Relationships: []; }; }; Views: {}; Functions: {}; Enums: {}; CompositeTypes: {}; }, never, never, never>', gave the following error.
    Argument of type '"readings"' is not assignable to parameter of type 'never'.
src/lib/api.ts(79,11): error TS2769: No overload matches this call.
  Overload 1 of 2, '(relation: "transit_readings"): PostgrestQueryBuilder<{ PostgrestVersion: "14.1"; }, { Tables: { transit_readings: { Row: { birth_date: string; birth_location: string; birth_time: string; created_at: string; ... 5 more ...; transit_date: string; }; Insert: { ...; }; Update: { ...; }; Relationships: []; }; }; Views: {}; Functions: {}; Enums: {}; CompositeTypes: {}; }, { ...; }, "transit_readings", []>', gave the following error.
    Argument of type '"user_profiles"' is not assignable to parameter of type '"transit_readings"'.
  Overload 2 of 2, '(relation: never): PostgrestQueryBuilder<{ PostgrestVersion: "14.1"; }, { Tables: { transit_readings: { Row: { birth_date: string; birth_location: string; birth_time: string; created_at: string; id: string; moon_rashi_index: number; overall_score: number; owner_id: string | null; results: Json; transit_date: string; }; Insert: { ...; }; Update: { ...; }; Relationships: []; }; }; Views: {}; Functions: {}; Enums: {}; CompositeTypes: {}; }, never, never, never>', gave the following error.
    Argument of type '"user_profiles"' is not assignable to parameter of type 'never'.
src/lib/api.ts(96,11): error TS2769: No overload matches this call.
  Overload 1 of 2, '(relation: "transit_readings"): PostgrestQueryBuilder<{ PostgrestVersion: "14.1"; }, { Tables: { transit_readings: { Row: { birth_date: string; birth_location: string; birth_time: string; created_at: string; ... 5 more ...; transit_date: string; }; Insert: { ...; }; Update: { ...; }; Relationships: []; }; }; Views: {}; Functions: {}; Enums: {}; CompositeTypes: {}; }, { ...; }, "transit_readings", []>', gave the following error.
    Argument of type '"user_profiles"' is not assignable to parameter of type '"transit_readings"'.
  Overload 2 of 2, '(relation: never): PostgrestQueryBuilder<{ PostgrestVersion: "14.1"; }, { Tables: { transit_readings: { Row: { birth_date: string; birth_location: string; birth_time: string; created_at: string; id: string; moon_rashi_index: number; overall_score: number; owner_id: string | null; results: Json; transit_date: string; }; Insert: { ...; }; Update: { ...; }; Relationships: []; }; }; Views: {}; Functions: {}; Enums: {}; CompositeTypes: {}; }, never, never, never>', gave the following error.
    Argument of type '"user_profiles"' is not assignable to parameter of type 'never'.
src/lib/api.ts(97,13): error TS2345: Argument of type '{ id: string; display_name?: string | undefined; preferred_language?: string | undefined; default_birth_date?: string | undefined; default_birth_time?: string | undefined; default_birth_place?: string | undefined; }' is not assignable to parameter of type 'RejectExcessProperties<{ birth_date: string; birth_location: string; birth_time: string; created_at?: string | undefined; id?: string | undefined; moon_rashi_index: number; overall_score: number; owner_id?: string | ... 1 more ... | undefined; results: Json; transit_date: string; }, { ...; }> | RejectExcessPropertie...'.
  Type '{ id: string; display_name?: string | undefined; preferred_language?: string | undefined; default_birth_date?: string | undefined; default_birth_time?: string | undefined; default_birth_place?: string | undefined; }' is not assignable to type 'RejectExcessProperties<{ birth_date: string; birth_location: string; birth_time: string; created_at?: string | undefined; id?: string | undefined; moon_rashi_index: number; overall_score: number; owner_id?: string | ... 1 more ... | undefined; results: Json; transit_date: string; }, { ...; }>'.
    Type '{ id: string; display_name?: string | undefined; preferred_language?: string | undefined; default_birth_date?: string | undefined; default_birth_time?: string | undefined; default_birth_place?: string | undefined; }' is missing the following properties from type '{ birth_date: string; birth_location: string; birth_time: string; created_at?: string | undefined; id?: string | undefined; moon_rashi_index: number; overall_score: number; owner_id?: string | null | undefined; results: Json; transit_date: string; }': birth_date, birth_location, birth_time, moon_rashi_index, and 3 more.
src/lib/astrology/subjective-analysis-engine.ts(424,30): error TS2339: Property 'getTargetHouse' does not exist on type 'SubjectiveAnalysisEngine'.
src/lib/astrology/subjective-analysis-engine.ts(576,32): error TS2339: Property 'getTargetHouse' does not exist on type 'SubjectiveAnalysisEngine'.
src/lib/astrology/subjective-analysis-engine.ts(591,30): error TS2339: Property 'getTargetHouse' does not exist on type 'SubjectiveAnalysisEngine'.
src/lib/astrology/subjective-analysis-engine.ts(741,30): error TS2339: Property 'getTargetHouse' does not exist on type 'SubjectiveAnalysisEngine'.
src/lib/astrology/subjective-analysis-engine.ts(941,30): error TS2339: Property 'getTargetHouse' does not exist on type 'SubjectiveAnalysisEngine'.
src/lib/vedic/mangalDosha.ts(215,5): error TS2322: Type '"None"' is not assignable to type '"High" | "Medium" | "Low" | "Severe"'.
src/lib/vedic/mangalDosha.ts(224,22): error TS2322: Type '"None"' is not assignable to type '"High" | "Medium" | "Low" | "Severe"'.
src/lib/vedic/vedicCalc.ts(421,7): error TS2322: Type 'string | number | { <S extends string>(predicate: (value: string, index: number, array: string[]) => value is S, thisArg?: any): S[]; (predicate: (value: string, index: number, array: string[]) => unknown, thisArg?: any): string[]; } | ... 32 more ... | { ...; }' is not assignable to type 'string'.
  Type 'number' is not assignable to type 'string'.
src/pages/BabyNameSuggestionsPage.tsx(446,55): error TS7006: Parameter 'tag' implicitly has an 'any' type.
src/pages/BabyNameSuggestionsPage.tsx(446,60): error TS7006: Parameter 'idx' implicitly has an 'any' type.
src/pages/BirthChartPage.tsx(40,9): error TS2353: Object literal may only specify known properties, and 'day' does not exist in type 'BirthData'.
src/pages/BV_RamanPage.tsx(69,5): error TS2741: Property 'favorableHouses' is missing in type '{ en: string; hi: string; symbol: string; }' but required in type 'PlanetInfo'.
src/pages/BV_RamanPage.tsx(82,5): error TS2741: Property 'favorableHouses' is missing in type '{ en: string; hi: string; symbol: string; }' but required in type 'PlanetInfo'.
src/pages/BV_RamanPage.tsx(95,5): error TS2741: Property 'favorableHouses' is missing in type '{ en: string; hi: string; symbol: string; }' but required in type 'PlanetInfo'.
src/pages/BV_RamanPage.tsx(108,5): error TS2741: Property 'favorableHouses' is missing in type '{ en: string; hi: string; symbol: string; }' but required in type 'PlanetInfo'.
src/pages/BV_RamanPage.tsx(121,5): error TS2741: Property 'favorableHouses' is missing in type '{ en: string; hi: string; symbol: string; }' but required in type 'PlanetInfo'.
src/pages/BV_RamanPage.tsx(134,5): error TS2741: Property 'favorableHouses' is missing in type '{ en: string; hi: string; symbol: string; }' but required in type 'PlanetInfo'.
src/pages/BV_RamanPage.tsx(147,5): error TS2741: Property 'favorableHouses' is missing in type '{ en: string; hi: string; symbol: string; }' but required in type 'PlanetInfo'.
src/pages/BV_RamanPage.tsx(160,5): error TS2741: Property 'favorableHouses' is missing in type '{ en: string; hi: string; symbol: string; }' but required in type 'PlanetInfo'.
src/pages/BV_RamanPage.tsx(173,5): error TS2741: Property 'favorableHouses' is missing in type '{ en: string; hi: string; symbol: string; }' but required in type 'PlanetInfo'.
src/pages/BV_RamanPage.tsx(272,7): error TS2322: Type 'number' is not assignable to type 'string'.
src/pages/BV_RamanPage.tsx(563,15): error TS2322: Type '{ moonRashi: number; transitResults: TransitResult[]; lang: "en" | "hi"; }' is not assignable to type 'IntrinsicAttributes & Props'.
  Property 'moonRashi' does not exist on type 'IntrinsicAttributes & Props'.
src/pages/BV_RamanPage.tsx(572,15): error TS2322: Type '{ birthDate: string; birthTime: string; lat: number; lon: number; lang: "en" | "hi"; }' is not assignable to type 'IntrinsicAttributes & Props'.
  Property 'birthDate' does not exist on type 'IntrinsicAttributes & Props'.
src/pages/BV_RamanPage.tsx(583,15): error TS2322: Type 'string' is not assignable to type 'Date'.
src/pages/BV_RamanPage.tsx(594,15): error TS2322: Type '{ birthDate: string; birthTime: string; lat: number; lon: number; lang: "en" | "hi"; }' is not assignable to type 'IntrinsicAttributes & Props'.
  Property 'birthDate' does not exist on type 'IntrinsicAttributes & Props'.
src/pages/BV_RamanPage.tsx(609,81): error TS2339: Property 'mahadasha' does not exist on type 'DashaGochaResult'.
src/pages/BV_RamanPage.tsx(611,47): error TS2339: Property 'antardasha' does not exist on type 'DashaGochaResult'.
src/pages/BV_RamanPage.tsx(615,42): error TS2339: Property 'interpretation' does not exist on type 'DashaGochaResult'.
src/pages/BV_RamanPage.tsx(616,42): error TS2339: Property 'interpretation' does not exist on type 'DashaGochaResult'.
src/pages/BV_RamanPage.tsx(625,27): error TS2322: Type '{ moonRashi: number; lang: "en" | "hi"; }' is not assignable to type 'IntrinsicAttributes & Props'.
  Property 'moonRashi' does not exist on type 'IntrinsicAttributes & Props'.
src/pages/BV_RamanPage.tsx(649,30): error TS2339: Property 'foundingDate' does not exist on type 'NatalChart'.
src/pages/BV_RamanPage.tsx(649,53): error TS2339: Property 'capital' does not exist on type 'NatalChart'.
src/pages/BV_RamanPage.tsx(670,15): error TS2322: Type '{ transitResults: TransitResult[]; lang: "en" | "hi"; }' is not assignable to type 'IntrinsicAttributes & Props'.
  Property 'transitResults' does not exist on type 'IntrinsicAttributes & Props'.
src/pages/CareerAstrology.tsx(189,54): error TS2322: Type 'Dispatch<SetStateAction<"en" | "hi">>' is not assignable to type '(lang: SupportedLanguage) => void'.
  Types of parameters 'value' and 'lang' are incompatible.
    Type 'SupportedLanguage' is not assignable to type 'SetStateAction<"en" | "hi">'.
      Type '"bn"' is not assignable to type 'SetStateAction<"en" | "hi">'.
src/pages/CompatibilityPage.tsx(3,10): error TS2614: Module '"@/components/MainLayout"' has no exported member 'MainLayout'. Did you mean to use 'import MainLayout from "@/components/MainLayout"' instead?
src/pages/ComprehensiveReportPage.tsx(29,56): error TS2322: Type 'Dispatch<SetStateAction<"en" | "hi">>' is not assignable to type '(lang: SupportedLanguage) => void'.
  Types of parameters 'value' and 'lang' are incompatible.
    Type 'SupportedLanguage' is not assignable to type 'SetStateAction<"en" | "hi">'.
      Type '"bn"' is not assignable to type 'SetStateAction<"en" | "hi">'.
src/pages/DetailedDashaTimelinePage.tsx(3,10): error TS2614: Module '"@/components/MainLayout"' has no exported member 'MainLayout'. Did you mean to use 'import MainLayout from "@/components/MainLayout"' instead?
src/pages/FeedbackPage.tsx(487,33): error TS18048: 'item.rating' is possibly 'undefined'.
src/pages/Index.tsx(515,90): error TS2322: Type 'NakshatraInfo | null' is not assignable to type '{ name: { en: string; hi: string; }; pada: number; lord: string; symbol: string; } | undefined'.
  Type 'null' is not assignable to type '{ name: { en: string; hi: string; }; pada: number; lord: string; symbol: string; } | undefined'.
src/pages/Index.tsx(516,45): error TS2322: Type 'PlanetPosition | undefined' is not assignable to type '{ rashi: number; rashiName: string; degrees: number; element: string; quality: string; lord: string; characteristics: string; }'.
  Type 'undefined' is not assignable to type '{ rashi: number; rashiName: string; degrees: number; element: string; quality: string; lord: string; characteristics: string; }'.
src/pages/Index.tsx(516,88): error TS2322: Type 'PlanetPosition | undefined' is not assignable to type '{ tropical: { rashi: number; rashiName: string; degrees: number; }; sidereal: { rashi: number; rashiName: string; degrees: number; }; }'.
  Type 'undefined' is not assignable to type '{ tropical: { rashi: number; rashiName: string; degrees: number; }; sidereal: { rashi: number; rashiName: string; degrees: number; }; }'.
src/pages/Index.tsx(521,45): error TS2322: Type '{ manglikData: ManglikResult; lang: "en" | "hi"; }' is not assignable to type 'IntrinsicAttributes & ManglikDoshaCardProps'.
  Property 'manglikData' does not exist on type 'IntrinsicAttributes & ManglikDoshaCardProps'.
src/pages/Index.tsx(528,51): error TS2322: Type 'CompletePlanetaryPositions | null' is not assignable to type 'CompletePlanetaryPositions'.
  Type 'null' is not assignable to type 'CompletePlanetaryPositions'.
src/pages/Index.tsx(560,42): error TS2322: Type 'NormalizedPlanet[]' is not assignable to type '{ name: string; rashiIndex: number; house: number; degrees: number; isRetrograde: boolean; longitude: number; }[]'.
  Type 'NormalizedPlanet' is missing the following properties from type '{ name: string; rashiIndex: number; house: number; degrees: number; isRetrograde: boolean; longitude: number; }': isRetrograde, longitude
src/pages/Index.tsx(568,38): error TS2322: Type '{ birthDate: string; planetaryPositions: NormalizedPlanet[]; lang: "en" | "hi"; }' is not assignable to type 'IntrinsicAttributes & Props'.
  Property 'birthDate' does not exist on type 'IntrinsicAttributes & Props'.
src/pages/Index.tsx(569,40): error TS2322: Type '{ planetaryPositions: NormalizedPlanet[]; lang: "en" | "hi"; }' is not assignable to type 'IntrinsicAttributes & Props'.
  Property 'planetaryPositions' does not exist on type 'IntrinsicAttributes & Props'.
src/pages/Index.tsx(600,27): error TS2322: Type '{ lang: "en" | "hi"; }' is not assignable to type 'IntrinsicAttributes & FeedbackWidgetProps'.
  Property 'lang' does not exist on type 'IntrinsicAttributes & FeedbackWidgetProps'.
src/pages/KaalSarpPage.tsx(36,56): error TS2322: Type 'Dispatch<SetStateAction<"en" | "hi">>' is not assignable to type '(lang: SupportedLanguage) => void'.
  Types of parameters 'value' and 'lang' are incompatible.
    Type 'SupportedLanguage' is not assignable to type 'SetStateAction<"en" | "hi">'.
      Type '"bn"' is not assignable to type 'SetStateAction<"en" | "hi">'.
src/pages/knowledge/KnowledgeBase.tsx(69,45): error TS2769: No overload matches this call.
  Overload 1 of 2, '(relation: "transit_readings"): PostgrestQueryBuilder<{ PostgrestVersion: "14.1"; }, { Tables: { transit_readings: { Row: { birth_date: string; birth_location: string; birth_time: string; created_at: string; ... 5 more ...; transit_date: string; }; Insert: { ...; }; Update: { ...; }; Relationships: []; }; }; Views: {}; Functions: {}; Enums: {}; CompositeTypes: {}; }, { ...; }, "transit_readings", []>', gave the following error.
    Argument of type '"knowledge_entries"' is not assignable to parameter of type '"transit_readings"'.
  Overload 2 of 2, '(relation: never): PostgrestQueryBuilder<{ PostgrestVersion: "14.1"; }, { Tables: { transit_readings: { Row: { birth_date: string; birth_location: string; birth_time: string; created_at: string; id: string; moon_rashi_index: number; overall_score: number; owner_id: string | null; results: Json; transit_date: string; }; Insert: { ...; }; Update: { ...; }; Relationships: []; }; }; Views: {}; Functions: {}; Enums: {}; CompositeTypes: {}; }, never, never, never>', gave the following error.
    Argument of type '"knowledge_entries"' is not assignable to parameter of type 'never'.
src/pages/knowledge/KnowledgeBase.tsx(69,84): error TS2345: Argument of type 'number' is not assignable to parameter of type 'string'.
src/pages/knowledge/KnowledgeBase.tsx(195,54): error TS2367: This comparison appears to be unintentional because the types 'number | null' and 'string' have no overlap.
src/pages/knowledge/KnowledgeBase.tsx(195,54): error TS2345: Argument of type 'string | null' is not assignable to parameter of type 'SetStateAction<number | null>'.
  Type 'string' is not assignable to type 'SetStateAction<number | null>'.
src/pages/knowledge/KnowledgeBase.tsx(197,32): error TS2339: Property 'title' does not exist on type '{ birth_date: string; birth_location: string; birth_time: string; created_at: string; id: string; moon_rashi_index: number; overall_score: number; owner_id: string | null; results: Json; transit_date: string; }'.
src/pages/knowledge/KnowledgeBase.tsx(204,50): error TS2339: Property 'category' does not exist on type '{ birth_date: string; birth_location: string; birth_time: string; created_at: string; id: string; moon_rashi_index: number; overall_score: number; owner_id: string | null; results: Json; transit_date: string; }'.
src/pages/knowledge/KnowledgeBase.tsx(204,69): error TS2339: Property 'category' does not exist on type '{ birth_date: string; birth_location: string; birth_time: string; created_at: string; id: string; moon_rashi_index: number; overall_score: number; owner_id: string | null; results: Json; transit_date: string; }'.
src/pages/knowledge/KnowledgeBase.tsx(210,48): error TS2339: Property 'sourceType' does not exist on type '{ birth_date: string; birth_location: string; birth_time: string; created_at: string; id: string; moon_rashi_index: number; overall_score: number; owner_id: string | null; results: Json; transit_date: string; }'.
src/pages/knowledge/KnowledgeBase.tsx(210,69): error TS2339: Property 'sourceType' does not exist on type '{ birth_date: string; birth_location: string; birth_time: string; created_at: string; id: string; moon_rashi_index: number; overall_score: number; owner_id: string | null; results: Json; transit_date: string; }'.
src/pages/knowledge/KnowledgeBase.tsx(212,32): error TS2339: Property 'authorName' does not exist on type '{ birth_date: string; birth_location: string; birth_time: string; created_at: string; id: string; moon_rashi_index: number; overall_score: number; owner_id: string | null; results: Json; transit_date: string; }'.
src/pages/knowledge/KnowledgeBase.tsx(214,38): error TS2339: Property 'authorName' does not exist on type '{ birth_date: string; birth_location: string; birth_time: string; created_at: string; id: string; moon_rashi_index: number; overall_score: number; owner_id: string | null; results: Json; transit_date: string; }'.
src/pages/knowledge/KnowledgeBase.tsx(221,41): error TS2551: Property 'createdAt' does not exist on type '{ birth_date: string; birth_location: string; birth_time: string; created_at: string; id: string; moon_rashi_index: number; overall_score: number; owner_id: string | null; results: Json; transit_date: string; }'. Did you mean 'created_at'?
src/pages/knowledge/KnowledgeBase.tsx(227,53): error TS2345: Argument of type 'string' is not assignable to parameter of type 'number'.
src/pages/knowledge/KnowledgeBase.tsx(235,54): error TS2367: This comparison appears to be unintentional because the types 'number | null' and 'string' have no overlap.
src/pages/knowledge/KnowledgeBase.tsx(235,54): error TS2345: Argument of type 'string | null' is not assignable to parameter of type 'SetStateAction<number | null>'.
  Type 'string' is not assignable to type 'SetStateAction<number | null>'.
src/pages/knowledge/KnowledgeBase.tsx(237,26): error TS2367: This comparison appears to be unintentional because the types 'number | null' and 'string' have no overlap.
src/pages/knowledge/KnowledgeBase.tsx(246,18): error TS2367: This comparison appears to be unintentional because the types 'number | null' and 'string' have no overlap.
src/pages/knowledge/KnowledgeBase.tsx(250,30): error TS2339: Property 'content' does not exist on type '{ birth_date: string; birth_location: string; birth_time: string; created_at: string; id: string; moon_rashi_index: number; overall_score: number; owner_id: string | null; results: Json; transit_date: string; }'.
src/pages/knowledge/KnowledgeBase.tsx(253,44): error TS2339: Property 'tags' does not exist on type '{ birth_date: string; birth_location: string; birth_time: string; created_at: string; id: string; moon_rashi_index: number; overall_score: number; owner_id: string | null; results: Json; transit_date: string; }'.
src/pages/knowledge/KnowledgeBase.tsx(253,59): error TS2339: Property 'tags' does not exist on type '{ birth_date: string; birth_location: string; birth_time: string; created_at: string; id: string; moon_rashi_index: number; overall_score: number; owner_id: string | null; results: Json; transit_date: string; }'.
src/pages/knowledge/KnowledgeBase.tsx(255,34): error TS2339: Property 'tags' does not exist on type '{ birth_date: string; birth_location: string; birth_time: string; created_at: string; id: string; moon_rashi_index: number; overall_score: number; owner_id: string | null; results: Json; transit_date: string; }'.
src/pages/LoveAstrologyPage.tsx(33,94): error TS2339: Property 'totalStrength' does not exist on type 'ShadabalaResult'.
src/pages/LoveAstrologyPage.tsx(34,92): error TS2339: Property 'totalStrength' does not exist on type 'ShadabalaResult'.
src/pages/MatchMaking.tsx(150,22): error TS18046: 'error' is of type 'unknown'.
src/pages/MatchMaking.tsx(276,54): error TS2322: Type 'Dispatch<SetStateAction<"en" | "hi">>' is not assignable to type '(lang: SupportedLanguage) => void'.
  Types of parameters 'value' and 'lang' are incompatible.
    Type 'SupportedLanguage' is not assignable to type 'SetStateAction<"en" | "hi">'.
      Type '"bn"' is not assignable to type 'SetStateAction<"en" | "hi">'.
src/pages/TransitAnalysisPage.tsx(1085,29): error TS2339: Property 'totalDaysScanned' does not exist on type '{ totalHotDays: number; totalWindows: number; nearestDate: string | null; }'.
src/pages/TransitsPage.tsx(3,10): error TS2614: Module '"@/components/MainLayout"' has no exported member 'MainLayout'. Did you mean to use 'import MainLayout from "@/components/MainLayout"' instead?
src/services/ashtakutaService.ts(291,7): error TS2740: Type '{ Horse: { Horse: number; Elephant: number; Goat: number; Serpent: number; Dog: number; Cat: number; Rat: number; Cow: number; Buffalo: number; Tiger: number; Deer: number; Monkey: number; Lion: number; Mongoose: number; }; Elephant: { ...; }; }' is missing the following properties from type 'Record<YoniAnimal, Record<YoniAnimal, number>>': Goat, Serpent, Dog, Cat, and 8 more.
src/services/ashtakutaService.ts(713,30): error TS2345: Argument of type 'string | { en: string; hi: string; sanskrit: string; }' is not assignable to parameter of type 'string'.
  Type '{ en: string; hi: string; sanskrit: string; }' is not assignable to type 'string'.
src/services/ashtakutaService.ts(715,29): error TS2345: Argument of type 'string | { en: string; hi: string; sanskrit: string; }' is not assignable to parameter of type 'string'.
  Type '{ en: string; hi: string; sanskrit: string; }' is not assignable to type 'string'.
src/services/ashtakutaService.ts(716,29): error TS2345: Argument of type 'string | { en: string; hi: string; sanskrit: string; }' is not assignable to parameter of type 'string'.
  Type '{ en: string; hi: string; sanskrit: string; }' is not assignable to type 'string'.
src/services/ashtakutaService.ts(718,29): error TS2345: Argument of type 'string | { en: string; hi: string; sanskrit: string; }' is not assignable to parameter of type 'string'.
  Type '{ en: string; hi: string; sanskrit: string; }' is not assignable to type 'string'.
src/services/ashtakutaService.ts(720,29): error TS2345: Argument of type 'string | { en: string; hi: string; sanskrit: string; }' is not assignable to parameter of type 'string'.
  Type '{ en: string; hi: string; sanskrit: string; }' is not assignable to type 'string'.
src/services/ashtakutaService.ts(756,54): error TS18046: 'error' is of type 'unknown'.
src/services/ashtakutaService.ts(817,29): error TS2345: Argument of type '"Excellent compatibility! This match shows great potential for a harmonious and prosperous marriage."' is not assignable to parameter of type 'never'.
src/services/ashtakutaService.ts(818,29): error TS2345: Argument of type '"αñëαññαÑìαñòαÑâαñ╖αÑìαñƒ αñàαñ¿αÑüαñòαÑéαñ▓αññαñ╛! αñ»αñ╣ αñ«αÑçαñ▓ αñÅαñò αñ╕αñ╛αñ«αñéαñ£αñ╕αÑìαñ»αñ¬αÑéαñ░αÑìαñú αñöαñ░ αñ╕αñ«αÑâαñªαÑìαñº αñ╡αñ┐αñ╡αñ╛αñ╣ αñòαÑÇ αñ«αñ╣αñ╛αñ¿ αñ╕αñéαñ¡αñ╛αñ╡αñ¿αñ╛ αñªαñ┐αñûαñ╛αññαñ╛ αñ╣αÑêαÑñ"' is not assignable to parameter of type 'never'.
src/services/ashtakutaService.ts(820,29): error TS2345: Argument of type '"The couple shares strong compatibility across multiple dimensions of life."' is not assignable to parameter of type 'never'.
src/services/ashtakutaService.ts(821,29): error TS2345: Argument of type '"αñªαñéαñ¬αññαñ┐ αñ£αÑÇαñ╡αñ¿ αñòαÑç αñòαñê αñåαñ»αñ╛αñ«αÑïαñé αñ«αÑçαñé αñ«αñ£αñ¼αÑéαññ αñàαñ¿αÑüαñòαÑéαñ▓αññαñ╛ αñ╕αñ╛αñ¥αñ╛ αñòαñ░αññαÑç αñ╣αÑêαñéαÑñ"' is not assignable to parameter of type 'never'.
src/services/ashtakutaService.ts(823,29): error TS2345: Argument of type '"Good compatibility. With mutual understanding and respect, this can be a successful marriage."' is not assignable to parameter of type 'never'.
src/services/ashtakutaService.ts(824,29): error TS2345: Argument of type '"αñàαñÜαÑìαñ¢αÑÇ αñàαñ¿αÑüαñòαÑéαñ▓αññαñ╛αÑñ αñ¬αñ╛αñ░αñ╕αÑìαñ¬αñ░αñ┐αñò αñ╕αñ«αñ¥ αñöαñ░ αñ╕αñ«αÑìαñ«αñ╛αñ¿ αñòαÑç αñ╕αñ╛αñÑ, αñ»αñ╣ αñÅαñò αñ╕αñ½αñ▓ αñ╡αñ┐αñ╡αñ╛αñ╣ αñ╣αÑï αñ╕αñòαññαñ╛ αñ╣αÑêαÑñ"' is not assignable to parameter of type 'never'.
src/services/ashtakutaService.ts(826,29): error TS2345: Argument of type '"Focus on strengthening areas with lower scores through communication and compromise."' is not assignable to parameter of type 'never'.
src/services/ashtakutaService.ts(827,29): error TS2345: Argument of type '"αñ╕αñéαñ╡αñ╛αñª αñöαñ░ αñ╕αñ«αñ¥αÑîαññαÑç αñòαÑç αñ«αñ╛αñºαÑìαñ»αñ« αñ╕αÑç αñòαñ« αñàαñéαñò αñ╡αñ╛αñ▓αÑç αñòαÑìαñ╖αÑçαññαÑìαñ░αÑïαñé αñòαÑï αñ«αñ£αñ¼αÑéαññ αñ¼αñ¿αñ╛αñ¿αÑç αñ¬αñ░ αñºαÑìαñ»αñ╛αñ¿ αñªαÑçαñéαÑñ"' is not assignable to parameter of type 'never'.
src/services/ashtakutaService.ts(829,29): error TS2345: Argument of type '"Average compatibility. Consider pre-marital counseling and remedial measures for better harmony."' is not assignable to parameter of type 'never'.
src/services/ashtakutaService.ts(830,29): error TS2345: Argument of type '"αñöαñ╕αññ αñàαñ¿αÑüαñòαÑéαñ▓αññαñ╛αÑñ αñ¼αÑçαñ╣αññαñ░ αñ╕αñ╛αñ«αñéαñ£αñ╕αÑìαñ» αñòαÑç αñ▓αñ┐αñÅ αñ╡αñ┐αñ╡αñ╛αñ╣-αñ¬αÑéαñ░αÑìαñ╡ αñ¬αñ░αñ╛αñ«αñ░αÑìαñ╢ αñöαñ░ αñëαñ¬αñÜαñ╛αñ░αñ╛αññαÑìαñ«αñò αñëαñ¬αñ╛αñ»αÑïαñé αñ¬αñ░ αñ╡αñ┐αñÜαñ╛αñ░ αñòαñ░αÑçαñéαÑñ"' is not assignable to parameter of type 'never'.
src/services/ashtakutaService.ts(832,29): error TS2345: Argument of type '"Both partners should work on understanding and accepting each other's differences."' is not assignable to parameter of type 'never'.
src/services/ashtakutaService.ts(833,29): error TS2345: Argument of type '"αñªαÑïαñ¿αÑïαñé αñ╕αñ╛αñ¥αÑÇαñªαñ╛αñ░αÑïαñé αñòαÑï αñÅαñò-αñªαÑéαñ╕αñ░αÑç αñòαÑç αñàαñéαññαñ░ αñòαÑï αñ╕αñ«αñ¥αñ¿αÑç αñöαñ░ αñ╕αÑìαñ╡αÑÇαñòαñ╛αñ░ αñòαñ░αñ¿αÑç αñ¬αñ░ αñòαñ╛αñ« αñòαñ░αñ¿αñ╛ αñÜαñ╛αñ╣αñ┐αñÅαÑñ"' is not assignable to parameter of type 'never'.
src/services/ashtakutaService.ts(835,29): error TS2345: Argument of type '"Poor compatibility detected. Serious consideration and extensive remedial measures recommended before marriage."' is not assignable to parameter of type 'never'.
src/services/ashtakutaService.ts(836,29): error TS2345: Argument of type '"αñûαñ░αñ╛αñ¼ αñàαñ¿αÑüαñòαÑéαñ▓αññαñ╛ αñòαñ╛ αñ¬αññαñ╛ αñÜαñ▓αñ╛αÑñ αñ╡αñ┐αñ╡αñ╛αñ╣ αñ╕αÑç αñ¬αñ╣αñ▓αÑç αñùαñéαñ¡αÑÇαñ░ αñ╡αñ┐αñÜαñ╛αñ░ αñöαñ░ αñ╡αÑìαñ»αñ╛αñ¬αñò αñëαñ¬αñÜαñ╛αñ░αñ╛αññαÑìαñ«αñò αñëαñ¬αñ╛αñ»αÑïαñé αñòαÑÇ αñ╕αñ┐αñ½αñ╛αñ░αñ┐αñ╢ αñòαÑÇ αñ£αñ╛αññαÑÇ αñ╣αÑêαÑñ"' is not assignable to parameter of type 'never'.
src/services/ashtakutaService.ts(838,29): error TS2345: Argument of type '"Consult with experienced astrologers for detailed analysis and remedies."' is not assignable to parameter of type 'never'.
src/services/ashtakutaService.ts(839,29): error TS2345: Argument of type '"αñ╡αñ┐αñ╕αÑìαññαÑâαññ αñ╡αñ┐αñ╢αÑìαñ▓αÑçαñ╖αñú αñöαñ░ αñëαñ¬αñ╛αñ»αÑïαñé αñòαÑç αñ▓αñ┐αñÅ αñàαñ¿αÑüαñ¡αñ╡αÑÇ αñ£αÑìαñ»αÑïαññαñ┐αñ╖αñ┐αñ»αÑïαñé αñ╕αÑç αñ╕αñ▓αñ╛αñ╣ αñ▓αÑçαñéαÑñ"' is not assignable to parameter of type 'never'.
src/services/ashtakutaService.ts(845,31): error TS2345: Argument of type 'string' is not assignable to parameter of type 'never'.
src/services/ashtakutaService.ts(846,31): error TS2345: Argument of type 'string' is not assignable to parameter of type 'never'.
src/services/ashtakutaService.ts(848,31): error TS2345: Argument of type 'string' is not assignable to parameter of type 'never'.
src/services/ashtakutaService.ts(849,31): error TS2345: Argument of type 'string' is not assignable to parameter of type 'never'.
src/services/ashtakutaService.ts(855,29): error TS2345: Argument of type '"Important: Major doshas detected. Perform recommended remedies before marriage."' is not assignable to parameter of type 'never'.
src/services/ashtakutaService.ts(856,29): error TS2345: Argument of type '"αñ«αñ╣αññαÑìαñ╡αñ¬αÑéαñ░αÑìαñú: αñ¬αÑìαñ░αñ«αÑüαñû αñªαÑïαñ╖ αñòαñ╛ αñ¬αññαñ╛ αñÜαñ▓αñ╛αÑñ αñ╡αñ┐αñ╡αñ╛αñ╣ αñ╕αÑç αñ¬αñ╣αñ▓αÑç αñ╕αÑüαñ¥αñ╛αñÅ αñùαñÅ αñëαñ¬αñ╛αñ» αñòαñ░αÑçαñéαÑñ"' is not assignable to parameter of type 'never'.
src/services/ashtakutaService.ts(859,31): error TS2345: Argument of type 'string' is not assignable to parameter of type 'never'.
src/services/ashtakutaService.ts(860,31): error TS2345: Argument of type 'string' is not assignable to parameter of type 'never'.
src/services/ashtakutaService.ts(865,27): error TS2345: Argument of type '"Remember: Compatibility is important, but mutual love, respect, and understanding are equally vital for a successful marriage."' is not assignable to parameter of type 'never'.
src/services/ashtakutaService.ts(866,27): error TS2345: Argument of type '"αñ»αñ╛αñª αñ░αñûαÑçαñé: αñàαñ¿αÑüαñòαÑéαñ▓αññαñ╛ αñ«αñ╣αññαÑìαñ╡αñ¬αÑéαñ░αÑìαñú αñ╣αÑê, αñ▓αÑçαñòαñ┐αñ¿ αñ¬αñ╛αñ░αñ╕αÑìαñ¬αñ░αñ┐αñò αñ¬αÑìαñ░αÑçαñ«, αñ╕αñ«αÑìαñ«αñ╛αñ¿ αñöαñ░ αñ╕αñ«αñ¥ αñ¡αÑÇ αñ╕αñ½αñ▓ αñ╡αñ┐αñ╡αñ╛αñ╣ αñòαÑç αñ▓αñ┐αñÅ αñëαññαñ¿αÑç αñ╣αÑÇ αñ«αñ╣αññαÑìαñ╡αñ¬αÑéαñ░αÑìαñú αñ╣αÑêαñéαÑñ"' is not assignable to parameter of type 'never'.
src/services/astronomyEphemerisService.ts(23,8): error TS2307: Cannot find module 'astronomy-engine' or its corresponding type declarations.
src/services/businessAstrologyService.ts(300,23): error TS2345: Argument of type '"Strong financial foundation"' is not assignable to parameter of type 'never'.
src/services/businessAstrologyService.ts(301,23): error TS2345: Argument of type '"αñ«αñ£αñ¼αÑéαññ αñ╡αñ┐αññαÑìαññαÑÇαñ» αñåαñºαñ╛αñ░"' is not assignable to parameter of type 'never'.
src/services/businessAstrologyService.ts(303,23): error TS2345: Argument of type '"Financial challenges"' is not assignable to parameter of type 'never'.
src/services/businessAstrologyService.ts(304,23): error TS2345: Argument of type '"αñ╡αñ┐αññαÑìαññαÑÇαñ» αñÜαÑüαñ¿αÑîαññαñ┐αñ»αñ╛αñé"' is not assignable to parameter of type 'never'.
src/services/businessAstrologyService.ts(308,23): error TS2345: Argument of type '"Strong professional reputation"' is not assignable to parameter of type 'never'.
src/services/businessAstrologyService.ts(309,23): error TS2345: Argument of type '"αñ«αñ£αñ¼αÑéαññ αñ¬αÑçαñ╢αÑçαñ╡αñ░ αñ¬αÑìαñ░αññαñ┐αñ╖αÑìαñáαñ╛"' is not assignable to parameter of type 'never'.
src/services/businessAstrologyService.ts(311,23): error TS2345: Argument of type '"Career struggles"' is not assignable to parameter of type 'never'.
src/services/businessAstrologyService.ts(312,23): error TS2345: Argument of type '"αñòαñ░αñ┐αñ»αñ░ αñ╕αñéαñÿαñ░αÑìαñ╖"' is not assignable to parameter of type 'never'.
src/services/businessAstrologyService.ts(316,23): error TS2345: Argument of type '"Multiple income sources"' is not assignable to parameter of type 'never'.
src/services/businessAstrologyService.ts(317,23): error TS2345: Argument of type '"αñòαñê αñåαñ» αñ╕αÑìαñ░αÑïαññ"' is not assignable to parameter of type 'never'.
src/services/businessAstrologyService.ts(319,23): error TS2345: Argument of type '"Limited income growth"' is not assignable to parameter of type 'never'.
src/services/businessAstrologyService.ts(320,23): error TS2345: Argument of type '"αñ╕αÑÇαñ«αñ┐αññ αñåαñ» αñ╡αÑâαñªαÑìαñºαñ┐"' is not assignable to parameter of type 'never'.
src/services/cacheService.ts(216,7): error TS2322: Type '{ key: string; age: number; ttl: any; expired: boolean; }[]' is not assignable to type 'never[]'.
  Type '{ key: string; age: number; ttl: any; expired: boolean; }' is not assignable to type 'never'.
src/services/dashaForecastService.ts(418,47): error TS2367: This comparison appears to be unintentional because the types '"full" | "standard" | "conditional"' and '"diluted"' have no overlap.
src/services/dynamicTransitService.ts(99,65): error TS2339: Property 'sidereal' does not exist on type 'NormalizedPlanet'.
src/services/dynamicTransitService.ts(348,3): error TS2322: Type '{ date: Date; time: string; transits: TransitResult[]; totalScore: number; overallStatus: string; moonRashiIndex: number; planetPositions: Record<string, number>; }' is not assignable to type 'DynamicTransitOutput'.
  Types of property 'overallStatus' are incompatible.
    Type 'string' is not assignable to type '"mixed" | "favorable" | "unfavorable"'.
src/services/engineDataAssembler.ts(47,23): error TS2551: Property 'isRetrograde' does not exist on type 'NormalizedPlanet'. Did you mean 'retrograde'?
src/services/engineDataAssembler.ts(49,20): error TS2339: Property 'nakshatra' does not exist on type 'NormalizedPlanet'.
src/services/engineDataAssembler.ts(67,46): error TS2322: Type 'number | PadaLagna' is not assignable to type 'PadaLagna | null'.
  Type 'number' is not assignable to type 'PadaLagna'.
src/services/engineDataAssembler.ts(80,15): error TS2339: Property 'nakshatra' does not exist on type 'NormalizedPlanet'.
src/services/enterpriseSaaSService.ts(633,3): error TS2484: Export declaration conflicts with exported declaration of 'EnterpriseTenant'.
src/services/enterpriseSaaSService.ts(634,3): error TS2484: Export declaration conflicts with exported declaration of 'EnterpriseUser'.
src/services/enterpriseSaaSService.ts(635,3): error TS2484: Export declaration conflicts with exported declaration of 'EnterpriseReport'.
src/services/enterpriseSaaSService.ts(636,3): error TS2484: Export declaration conflicts with exported declaration of 'EnterpriseAPIUsage'.
src/services/enterpriseSaaSService.ts(637,3): error TS2484: Export declaration conflicts with exported declaration of 'EnterpriseSubscription'.
src/services/eventTransitAnalysisService.ts(494,57): error TS2339: Property 'periods' does not exist on type 'DashaResult'.
src/services/jyotishApiService.ts(13,11): error TS2769: No overload matches this call.
  Overload 1 of 2, '(relation: "transit_readings"): PostgrestQueryBuilder<{ PostgrestVersion: "14.1"; }, { Tables: { transit_readings: { Row: { birth_date: string; birth_location: string; birth_time: string; created_at: string; ... 5 more ...; transit_date: string; }; Insert: { ...; }; Update: { ...; }; Relationships: []; }; }; Views: {}; Functions: {}; Enums: {}; CompositeTypes: {}; }, { ...; }, "transit_readings", []>', gave the following error.
    Argument of type '"knowledge_entries"' is not assignable to parameter of type '"transit_readings"'.
  Overload 2 of 2, '(relation: never): PostgrestQueryBuilder<{ PostgrestVersion: "14.1"; }, { Tables: { transit_readings: { Row: { birth_date: string; birth_location: string; birth_time: string; created_at: string; id: string; moon_rashi_index: number; overall_score: number; owner_id: string | null; results: Json; transit_date: string; }; Insert: { ...; }; Update: { ...; }; Relationships: []; }; }; Views: {}; Functions: {}; Enums: {}; CompositeTypes: {}; }, never, never, never>', gave the following error.
    Argument of type '"knowledge_entries"' is not assignable to parameter of type 'never'.
src/services/jyotishApiService.ts(22,29): error TS2769: No overload matches this call.
  Overload 1 of 2, '(relation: "transit_readings"): PostgrestQueryBuilder<{ PostgrestVersion: "14.1"; }, { Tables: { transit_readings: { Row: { birth_date: string; birth_location: string; birth_time: string; created_at: string; ... 5 more ...; transit_date: string; }; Insert: { ...; }; Update: { ...; }; Relationships: []; }; }; Views: {}; Functions: {}; Enums: {}; CompositeTypes: {}; }, { ...; }, "transit_readings", []>', gave the following error.
    Argument of type '"knowledge_entries"' is not assignable to parameter of type '"transit_readings"'.
  Overload 2 of 2, '(relation: never): PostgrestQueryBuilder<{ PostgrestVersion: "14.1"; }, { Tables: { transit_readings: { Row: { birth_date: string; birth_location: string; birth_time: string; created_at: string; id: string; moon_rashi_index: number; overall_score: number; owner_id: string | null; results: Json; transit_date: string; }; Insert: { ...; }; Update: { ...; }; Relationships: []; }; }; Views: {}; Functions: {}; Enums: {}; CompositeTypes: {}; }, never, never, never>', gave the following error.
    Argument of type '"knowledge_entries"' is not assignable to parameter of type 'never'.
src/services/jyotishApiService.ts(24,22): error TS2345: Argument of type '"category"' is not assignable to parameter of type '"id" | "results" | "birth_date" | "birth_time" | "birth_location" | "created_at" | "moon_rashi_index" | "overall_score" | "owner_id" | "transit_date"'.
src/services/jyotishApiService.ts(41,11): error TS2769: No overload matches this call.
  Overload 1 of 2, '(relation: "transit_readings"): PostgrestQueryBuilder<{ PostgrestVersion: "14.1"; }, { Tables: { transit_readings: { Row: { birth_date: string; birth_location: string; birth_time: string; created_at: string; ... 5 more ...; transit_date: string; }; Insert: { ...; }; Update: { ...; }; Relationships: []; }; }; Views: {}; Functions: {}; Enums: {}; CompositeTypes: {}; }, { ...; }, "transit_readings", []>', gave the following error.
    Argument of type '"prashna_sessions"' is not assignable to parameter of type '"transit_readings"'.
  Overload 2 of 2, '(relation: never): PostgrestQueryBuilder<{ PostgrestVersion: "14.1"; }, { Tables: { transit_readings: { Row: { birth_date: string; birth_location: string; birth_time: string; created_at: string; id: string; moon_rashi_index: number; overall_score: number; owner_id: string | null; results: Json; transit_date: string; }; Insert: { ...; }; Update: { ...; }; Relationships: []; }; }; Views: {}; Functions: {}; Enums: {}; CompositeTypes: {}; }, never, never, never>', gave the following error.
    Argument of type '"prashna_sessions"' is not assignable to parameter of type 'never'.
src/services/jyotishApiService.ts(50,47): error TS2769: No overload matches this call.
  Overload 1 of 2, '(relation: "transit_readings"): PostgrestQueryBuilder<{ PostgrestVersion: "14.1"; }, { Tables: { transit_readings: { Row: { birth_date: string; birth_location: string; birth_time: string; created_at: string; ... 5 more ...; transit_date: string; }; Insert: { ...; }; Update: { ...; }; Relationships: []; }; }; Views: {}; Functions: {}; Enums: {}; CompositeTypes: {}; }, { ...; }, "transit_readings", []>', gave the following error.
    Argument of type '"knowledge_entries"' is not assignable to parameter of type '"transit_readings"'.
  Overload 2 of 2, '(relation: never): PostgrestQueryBuilder<{ PostgrestVersion: "14.1"; }, { Tables: { transit_readings: { Row: { birth_date: string; birth_location: string; birth_time: string; created_at: string; id: string; moon_rashi_index: number; overall_score: number; owner_id: string | null; results: Json; transit_date: string; }; Insert: { ...; }; Update: { ...; }; Relationships: []; }; }; Views: {}; Functions: {}; Enums: {}; CompositeTypes: {}; }, never, never, never>', gave the following error.
    Argument of type '"knowledge_entries"' is not assignable to parameter of type 'never'.
src/services/knowledgeExtractService.ts(250,35): error TS2307: Cannot find module 'pdfjs-dist' or its corresponding type declarations.
src/services/knowledgeExtractService.ts(317,43): error TS2769: No overload matches this call.
  Overload 1 of 2, '(relation: "transit_readings"): PostgrestQueryBuilder<{ PostgrestVersion: "14.1"; }, { Tables: { transit_readings: { Row: { birth_date: string; birth_location: string; birth_time: string; created_at: string; ... 5 more ...; transit_date: string; }; Insert: { ...; }; Update: { ...; }; Relationships: []; }; }; Views: {}; Functions: {}; Enums: {}; CompositeTypes: {}; }, { ...; }, "transit_readings", []>', gave the following error.
    Argument of type '"knowledge_entries"' is not assignable to parameter of type '"transit_readings"'.
  Overload 2 of 2, '(relation: never): PostgrestQueryBuilder<{ PostgrestVersion: "14.1"; }, { Tables: { transit_readings: { Row: { birth_date: string; birth_location: string; birth_time: string; created_at: string; id: string; moon_rashi_index: number; overall_score: number; owner_id: string | null; results: Json; transit_date: string; }; Insert: { ...; }; Update: { ...; }; Relationships: []; }; }; Views: {}; Functions: {}; Enums: {}; CompositeTypes: {}; }, never, never, never>', gave the following error.
    Argument of type '"knowledge_entries"' is not assignable to parameter of type 'never'.
src/services/knowledgeExtractService.ts(318,7): error TS2353: Object literal may only specify known properties, and 'title' does not exist in type 'RejectExcessProperties<{ birth_date: string; birth_location: string; birth_time: string; created_at?: string | undefined; id?: string | undefined; moon_rashi_index: number; overall_score: number; owner_id?: string | ... 1 more ... | undefined; results: Json; transit_date: string; }, { ...; }> | RejectExcessPropertie...'.
src/services/knowledgeExtractService.ts(347,41): error TS2769: No overload matches this call.
  Overload 1 of 2, '(relation: "transit_readings"): PostgrestQueryBuilder<{ PostgrestVersion: "14.1"; }, { Tables: { transit_readings: { Row: { birth_date: string; birth_location: string; birth_time: string; created_at: string; ... 5 more ...; transit_date: string; }; Insert: { ...; }; Update: { ...; }; Relationships: []; }; }; Views: {}; Functions: {}; Enums: {}; CompositeTypes: {}; }, { ...; }, "transit_readings", []>', gave the following error.
    Argument of type '"knowledge_entries"' is not assignable to parameter of type '"transit_readings"'.
  Overload 2 of 2, '(relation: never): PostgrestQueryBuilder<{ PostgrestVersion: "14.1"; }, { Tables: { transit_readings: { Row: { birth_date: string; birth_location: string; birth_time: string; created_at: string; id: string; moon_rashi_index: number; overall_score: number; owner_id: string | null; results: Json; transit_date: string; }; Insert: { ...; }; Update: { ...; }; Relationships: []; }; }; Views: {}; Functions: {}; Enums: {}; CompositeTypes: {}; }, never, never, never>', gave the following error.
    Argument of type '"knowledge_entries"' is not assignable to parameter of type 'never'.
src/services/knowledgeExtractService.ts(347,69): error TS2345: Argument of type '{ title: string; content: string; category: string; source_type: "book"; author_name: string | null; source_url: string | null; tags: string[]; }[]' is not assignable to parameter of type 'RejectExcessProperties<{ birth_date: string; birth_location: string; birth_time: string; created_at?: string | undefined; id?: string | undefined; moon_rashi_index: number; overall_score: number; owner_id?: string | ... 1 more ... | undefined; results: Json; transit_date: string; }, { ...; }> | RejectExcessPropertie...'.
  Type '{ title: string; content: string; category: string; source_type: "book"; author_name: string | null; source_url: string | null; tags: string[]; }[]' is not assignable to type 'RejectExcessProperties<{ birth_date: string; birth_location: string; birth_time: string; created_at?: string | undefined; id?: string | undefined; moon_rashi_index: number; overall_score: number; owner_id?: string | ... 1 more ... | undefined; results: Json; transit_date: string; }, { ...; }>[]'.
    Type '{ title: string; content: string; category: string; source_type: "book"; author_name: string | null; source_url: string | null; tags: string[]; }' is not assignable to type 'RejectExcessProperties<{ birth_date: string; birth_location: string; birth_time: string; created_at?: string | undefined; id?: string | undefined; moon_rashi_index: number; overall_score: number; owner_id?: string | ... 1 more ... | undefined; results: Json; transit_date: string; }, { ...; }>'.
      Type '{ title: string; content: string; category: string; source_type: "book"; author_name: string | null; source_url: string | null; tags: string[]; }' is missing the following properties from type '{ birth_date: string; birth_location: string; birth_time: string; created_at?: string | undefined; id?: string | undefined; moon_rashi_index: number; overall_score: number; owner_id?: string | null | undefined; results: Json; transit_date: string; }': birth_date, birth_location, birth_time, moon_rashi_index, and 3 more.
src/services/knowledgeExtractService.ts(368,11): error TS2769: No overload matches this call.
  Overload 1 of 2, '(relation: "transit_readings"): PostgrestQueryBuilder<{ PostgrestVersion: "14.1"; }, { Tables: { transit_readings: { Row: { birth_date: string; birth_location: string; birth_time: string; created_at: string; ... 5 more ...; transit_date: string; }; Insert: { ...; }; Update: { ...; }; Relationships: []; }; }; Views: {}; Functions: {}; Enums: {}; CompositeTypes: {}; }, { ...; }, "transit_readings", []>', gave the following error.
    Argument of type '"knowledge_entries"' is not assignable to parameter of type '"transit_readings"'.
  Overload 2 of 2, '(relation: never): PostgrestQueryBuilder<{ PostgrestVersion: "14.1"; }, { Tables: { transit_readings: { Row: { birth_date: string; birth_location: string; birth_time: string; created_at: string; id: string; moon_rashi_index: number; overall_score: number; owner_id: string | null; results: Json; transit_date: string; }; Insert: { ...; }; Update: { ...; }; Relationships: []; }; }; Views: {}; Functions: {}; Enums: {}; CompositeTypes: {}; }, never, never, never>', gave the following error.
    Argument of type '"knowledge_entries"' is not assignable to parameter of type 'never'.
src/services/knowledgeExtractService.ts(381,19): error TS2339: Property 'category' does not exist on type '{ birth_date: string; birth_location: string; birth_time: string; created_at: string; id: string; moon_rashi_index: number; overall_score: number; owner_id: string | null; results: Json; transit_date: string; }'.
src/services/knowledgeExtractService.ts(394,31): error TS2339: Property 'title' does not exist on type '{ birth_date: string; birth_location: string; birth_time: string; created_at: string; id: string; moon_rashi_index: number; overall_score: number; owner_id: string | null; results: Json; transit_date: string; }'.
src/services/knowledgeExtractService.ts(395,37): error TS2339: Property 'source_type' does not exist on type '{ birth_date: string; birth_location: string; birth_time: string; created_at: string; id: string; moon_rashi_index: number; overall_score: number; owner_id: string | null; results: Json; transit_date: string; }'.
src/services/knowledgeExtractService.ts(395,80): error TS2339: Property 'author_name' does not exist on type '{ birth_date: string; birth_location: string; birth_time: string; created_at: string; id: string; moon_rashi_index: number; overall_score: number; owner_id: string | null; results: Json; transit_date: string; }'.
src/services/knowledgeExtractService.ts(395,116): error TS2339: Property 'tags' does not exist on type '{ birth_date: string; birth_location: string; birth_time: string; created_at: string; id: string; moon_rashi_index: number; overall_score: number; owner_id: string | null; results: Json; transit_date: string; }'.
src/services/knowledgeExtractService.ts(396,27): error TS2339: Property 'content' does not exist on type '{ birth_date: string; birth_location: string; birth_time: string; created_at: string; id: string; moon_rashi_index: number; overall_score: number; owner_id: string | null; results: Json; transit_date: string; }'.
src/services/kpSystemService.ts(159,38): error TS2345: Argument of type 'NormalizedPlanet[]' is not assignable to parameter of type 'PlanetPosition[]'.
  Type 'NormalizedPlanet' is missing the following properties from type 'PlanetPosition': tropical, sidereal, rashi
src/services/kpSystemService.ts(220,37): error TS2339: Property 'rashiIndex' does not exist on type 'PlanetPosition'.
src/services/kpSystemService.ts(224,20): error TS2339: Property 'name' does not exist on type 'PlanetPosition'.
src/services/kpSystemService.ts(225,38): error TS2339: Property 'name' does not exist on type 'PlanetPosition'.
src/services/kpSystemService.ts(227,20): error TS2339: Property 'rashiIndex' does not exist on type 'PlanetPosition'.
src/services/kpSystemService.ts(229,26): error TS2551: Property 'rashiNameHi' does not exist on type 'PlanetPosition'. Did you mean 'rashiName'?
src/services/kpSystemService.ts(234,21): error TS2339: Property 'house' does not exist on type 'PlanetPosition'.
src/services/kpSystemService.ts(281,42): error TS7053: Element implicitly has an 'any' type because expression of type 'number' can't be used to index type '{ 1: { matter: string; matterHi: string; }; 2: { matter: string; matterHi: string; }; 3: { matter: string; matterHi: string; }; 4: { matter: string; matterHi: string; }; 5: { matter: string; matterHi: string; }; 6: { ...; }; ... 5 more ...; 12: { ...; }; }'.
  No index signature with a parameter of type 'number' was found on type '{ 1: { matter: string; matterHi: string; }; 2: { matter: string; matterHi: string; }; 3: { matter: string; matterHi: string; }; 4: { matter: string; matterHi: string; }; 5: { matter: string; matterHi: string; }; 6: { ...; }; ... 5 more ...; 12: { ...; }; }'.
src/services/kpSystemService.ts(282,44): error TS7053: Element implicitly has an 'any' type because expression of type 'number' can't be used to index type '{ 1: { matter: string; matterHi: string; }; 2: { matter: string; matterHi: string; }; 3: { matter: string; matterHi: string; }; 4: { matter: string; matterHi: string; }; 5: { matter: string; matterHi: string; }; 6: { ...; }; ... 5 more ...; 12: { ...; }; }'.
  No index signature with a parameter of type 'number' was found on type '{ 1: { matter: string; matterHi: string; }; 2: { matter: string; matterHi: string; }; 3: { matter: string; matterHi: string; }; 4: { matter: string; matterHi: string; }; 5: { matter: string; matterHi: string; }; 6: { ...; }; ... 5 more ...; 12: { ...; }; }'.
src/services/kpSystemService.ts(305,23): error TS7053: Element implicitly has an 'any' type because expression of type 'number' can't be used to index type '{ 1: { matter: string; matterHi: string; }; 2: { matter: string; matterHi: string; }; 3: { matter: string; matterHi: string; }; 4: { matter: string; matterHi: string; }; 5: { matter: string; matterHi: string; }; 6: { ...; }; ... 5 more ...; 12: { ...; }; }'.
  No index signature with a parameter of type 'number' was found on type '{ 1: { matter: string; matterHi: string; }; 2: { matter: string; matterHi: string; }; 3: { matter: string; matterHi: string; }; 4: { matter: string; matterHi: string; }; 5: { matter: string; matterHi: string; }; 6: { ...; }; ... 5 more ...; 12: { ...; }; }'.
src/services/kpSystemService.ts(402,14): error TS2339: Property 'rashiIndex' does not exist on type 'PlanetPosition'.
src/services/kpSystemService.ts(402,54): error TS2339: Property 'name' does not exist on type 'PlanetPosition'.
src/services/kpSystemService.ts(403,14): error TS2339: Property 'rashiIndex' does not exist on type 'PlanetPosition'.
src/services/kpSystemService.ts(403,47): error TS2339: Property 'name' does not exist on type 'PlanetPosition'.
src/services/kpSystemService.ts(406,27): error TS2339: Property 'name' does not exist on type 'PlanetPosition'.
src/services/kundliService.ts(135,7): error TS2322: Type '{ house: number; name: string; rashiIndex: number; rashiName: string; degrees: number; dignity: string; retrograde?: boolean | undefined; }[]' is not assignable to type 'PlanetPosition[]'.
  Type '{ house: number; name: string; rashiIndex: number; rashiName: string; degrees: number; dignity: string; retrograde?: boolean | undefined; }' is missing the following properties from type 'PlanetPosition': tropical, sidereal, rashi
src/services/kundliService.ts(143,49): error TS2345: Argument of type '{ house: number; name: string; rashiIndex: number; rashiName: string; degrees: number; dignity: string; retrograde?: boolean | undefined; }[]' is not assignable to parameter of type 'PlanetPosition[]'.
  Type '{ house: number; name: string; rashiIndex: number; rashiName: string; degrees: number; dignity: string; retrograde?: boolean | undefined; }' is missing the following properties from type 'PlanetPosition': tropical, sidereal, rashi
src/services/kundliService.ts(144,51): error TS2345: Argument of type '{ house: number; name: string; rashiIndex: number; rashiName: string; degrees: number; dignity: string; retrograde?: boolean | undefined; }[]' is not assignable to parameter of type 'PlanetPosition[]'.
  Type '{ house: number; name: string; rashiIndex: number; rashiName: string; degrees: number; dignity: string; retrograde?: boolean | undefined; }' is missing the following properties from type 'PlanetPosition': tropical, sidereal, rashi
src/services/kundliService.ts(149,5): error TS2322: Type '{ house: number; name: string; rashiIndex: number; rashiName: string; degrees: number; dignity: string; retrograde?: boolean | undefined; }[]' is not assignable to type 'PlanetPosition[]'.
  Type '{ house: number; name: string; rashiIndex: number; rashiName: string; degrees: number; dignity: string; retrograde?: boolean | undefined; }' is missing the following properties from type 'PlanetPosition': tropical, sidereal, rashi
src/services/kundliService.ts(176,48): error TS2339: Property 'name' does not exist on type 'PlanetPosition'.
src/services/kundliService.ts(181,36): error TS2339: Property 'house' does not exist on type 'PlanetPosition'.
src/services/kundliService.ts(185,60): error TS2339: Property 'house' does not exist on type 'PlanetPosition'.
src/services/kundliService.ts(185,87): error TS2339: Property 'name' does not exist on type 'PlanetPosition'.
src/services/kundliService.ts(185,103): error TS2339: Property 'name' does not exist on type 'PlanetPosition'.
src/services/kundliService.ts(186,66): error TS2339: Property 'name' does not exist on type 'PlanetPosition'.
src/services/kundliService.ts(190,22): error TS2339: Property 'name' does not exist on type 'PlanetPosition'.
src/services/kundliService.ts(235,51): error TS2339: Property 'name' does not exist on type 'PlanetPosition'.
src/services/kundliService.ts(236,39): error TS2339: Property 'name' does not exist on type 'PlanetPosition'.
src/services/kundliService.ts(239,34): error TS2339: Property 'rashiIndex' does not exist on type 'PlanetPosition'.
src/services/kundliService.ts(250,34): error TS2339: Property 'rashiIndex' does not exist on type 'PlanetPosition'.
src/services/kundliService.ts(258,34): error TS2339: Property 'rashiIndex' does not exist on type 'PlanetPosition'.
src/services/kundliService.ts(266,22): error TS2339: Property 'name' does not exist on type 'PlanetPosition'.
src/services/kundliService.ts(286,37): error TS2339: Property 'name' does not exist on type 'PlanetPosition'.
src/services/kundliService.ts(356,41): error TS2339: Property 'name' does not exist on type 'PlanetPosition'.
src/services/kundliService.ts(403,41): error TS2339: Property 'name' does not exist on type 'PlanetPosition'.
src/services/lalKitabService.ts(208,21): error TS2345: Argument of type 'string' is not assignable to parameter of type 'never'.
src/services/lalKitabService.ts(209,21): error TS2345: Argument of type 'string' is not assignable to parameter of type 'never'.
src/services/lalKitabService.ts(213,21): error TS2345: Argument of type 'string' is not assignable to parameter of type 'never'.
src/services/lalKitabService.ts(214,21): error TS2345: Argument of type 'string' is not assignable to parameter of type 'never'.
src/services/lalKitabService.ts(219,19): error TS2345: Argument of type 'string' is not assignable to parameter of type 'never'.
src/services/lalKitabService.ts(220,19): error TS2345: Argument of type 'string' is not assignable to parameter of type 'never'.
src/services/lalKitabService.ts(233,21): error TS2345: Argument of type '"Excellent for career and government positions"' is not assignable to parameter of type 'never'.
src/services/lalKitabService.ts(234,21): error TS2345: Argument of type '"αñòαñ░αñ┐αñ»αñ░ αñöαñ░ αñ╕αñ░αñòαñ╛αñ░αÑÇ αñ¬αñªαÑïαñé αñòαÑç αñ▓αñ┐αñÅ αñëαññαÑìαñòαÑâαñ╖αÑìαñƒ"' is not assignable to parameter of type 'never'.
src/services/lalKitabService.ts(236,21): error TS2345: Argument of type '"Strong emotional foundation and mother relationship"' is not assignable to parameter of type 'never'.
src/services/lalKitabService.ts(237,21): error TS2345: Argument of type '"αñ«αñ£αñ¼αÑéαññ αñ¡αñ╛αñ╡αñ¿αñ╛αññαÑìαñ«αñò αñåαñºαñ╛αñ░ αñöαñ░ αñ«αñ╛αñé αñòαÑç αñ╕αñ╛αñÑ αñ╕αñéαñ¼αñéαñº"' is not assignable to parameter of type 'never'.
src/services/lalKitabService.ts(239,21): error TS2345: Argument of type '"Great fortune, wisdom, and spiritual growth"' is not assignable to parameter of type 'never'.
src/services/lalKitabService.ts(240,21): error TS2345: Argument of type '"αñ«αñ╣αñ╛αñ¿ αñ¡αñ╛αñùαÑìαñ», αñ£αÑìαñ₧αñ╛αñ¿ αñöαñ░ αñåαñºαÑìαñ»αñ╛αññαÑìαñ«αñ┐αñò αñ╡αñ┐αñòαñ╛αñ╕"' is not assignable to parameter of type 'never'.
src/services/lalKitabService.ts(360,23): error TS2345: Argument of type '"Challenges with father or paternal lineage"' is not assignable to parameter of type 'never'.
src/services/lalKitabService.ts(361,23): error TS2345: Argument of type '"Obstacles in career and authority"' is not assignable to parameter of type 'never'.
src/services/lalKitabService.ts(362,23): error TS2345: Argument of type '"αñ¬αñ┐αññαñ╛ αñ»αñ╛ αñ¬αÑêαññαÑâαñò αñ╡αñéαñ╢ αñòαÑç αñ╕αñ╛αñÑ αñÜαÑüαñ¿αÑîαññαñ┐αñ»αñ╛αñé"' is not assignable to parameter of type 'never'.
src/services/lalKitabService.ts(363,23): error TS2345: Argument of type '"αñòαñ░αñ┐αñ»αñ░ αñöαñ░ αñàαñºαñ┐αñòαñ╛αñ░ αñ«αÑçαñé αñ¼αñ╛αñºαñ╛αñÅαñé"' is not assignable to parameter of type 'never'.
src/services/lalKitabService.ts(366,23): error TS2345: Argument of type '"Issues with mother or maternal relationships"' is not assignable to parameter of type 'never'.
src/services/lalKitabService.ts(367,23): error TS2345: Argument of type '"Emotional instability and home problems"' is not assignable to parameter of type 'never'.
src/services/lalKitabService.ts(368,23): error TS2345: Argument of type '"αñ«αñ╛αññαñ╛ αñ»αñ╛ αñ«αñ╛αññαÑâ αñ╕αñéαñ¼αñéαñºαÑïαñé αñòαÑç αñ╕αñ╛αñÑ αñ╕αñ«αñ╕αÑìαñ»αñ╛αñÅαñé"' is not assignable to parameter of type 'never'.
src/services/lalKitabService.ts(369,23): error TS2345: Argument of type '"αñ¡αñ╛αñ╡αñ¿αñ╛αññαÑìαñ«αñò αñàαñ╕αÑìαñÑαñ┐αñ░αññαñ╛ αñöαñ░ αñÿαñ░ αñòαÑÇ αñ╕αñ«αñ╕αÑìαñ»αñ╛αñÅαñé"' is not assignable to parameter of type 'never'.
src/services/lalKitabService.ts(372,23): error TS2345: Argument of type '"Marital problems and relationship issues"' is not assignable to parameter of type 'never'.
src/services/lalKitabService.ts(373,23): error TS2345: Argument of type '"Difficulties with women in general"' is not assignable to parameter of type 'never'.
src/services/lalKitabService.ts(374,23): error TS2345: Argument of type '"αñ╡αÑêαñ╡αñ╛αñ╣αñ┐αñò αñ╕αñ«αñ╕αÑìαñ»αñ╛αñÅαñé αñöαñ░ αñ╕αñéαñ¼αñéαñº αñ«αÑüαñªαÑìαñªαÑç"' is not assignable to parameter of type 'never'.
src/services/lalKitabService.ts(375,23): error TS2345: Argument of type '"αñ╕αñ╛αñ«αñ╛αñ¿αÑìαñ» αñ░αÑéαñ¬ αñ╕αÑç αñ«αñ╣αñ┐αñ▓αñ╛αñôαñé αñòαÑç αñ╕αñ╛αñÑ αñòαñáαñ┐αñ¿αñ╛αñçαñ»αñ╛αñé"' is not assignable to parameter of type 'never'.
src/services/lalKitabService.ts(378,23): error TS2345: Argument of type '"Conflicts with siblings"' is not assignable to parameter of type 'never'.
src/services/lalKitabService.ts(379,23): error TS2345: Argument of type '"Lack of courage and communication issues"' is not assignable to parameter of type 'never'.
src/services/lalKitabService.ts(380,23): error TS2345: Argument of type '"αñ¡αñ╛αñê-αñ¼αñ╣αñ¿αÑïαñé αñòαÑç αñ╕αñ╛αñÑ αñ╕αñéαñÿαñ░αÑìαñ╖"' is not assignable to parameter of type 'never'.
src/services/lalKitabService.ts(381,23): error TS2345: Argument of type '"αñ╕αñ╛αñ╣αñ╕ αñòαÑÇ αñòαñ«αÑÇ αñöαñ░ αñ╕αñéαñÜαñ╛αñ░ αñ╕αñ«αñ╕αÑìαñ»αñ╛αñÅαñé"' is not assignable to parameter of type 'never'.
src/services/lalKitabService.ts(384,23): error TS2345: Argument of type '"Challenges with children"' is not assignable to parameter of type 'never'.
src/services/lalKitabService.ts(385,23): error TS2345: Argument of type '"Creative blocks and intelligence issues"' is not assignable to parameter of type 'never'.
src/services/lalKitabService.ts(386,23): error TS2345: Argument of type '"αñ¼αñÜαÑìαñÜαÑïαñé αñòαÑç αñ╕αñ╛αñÑ αñÜαÑüαñ¿αÑîαññαñ┐αñ»αñ╛αñé"' is not assignable to parameter of type 'never'.
src/services/lalKitabService.ts(387,23): error TS2345: Argument of type '"αñ░αñÜαñ¿αñ╛αññαÑìαñ«αñò αñàαñ╡αñ░αÑïαñº αñöαñ░ αñ¼αÑüαñªαÑìαñºαñ┐ αñ╕αñ«αñ╕αÑìαñ»αñ╛αñÅαñé"' is not assignable to parameter of type 'never'.
src/services/lalKitabService.ts(390,23): error TS2345: Argument of type '"Disrespect to teachers and elders"' is not assignable to parameter of type 'never'.
src/services/lalKitabService.ts(391,23): error TS2345: Argument of type '"Lack of wisdom and spiritual growth"' is not assignable to parameter of type 'never'.
src/services/lalKitabService.ts(392,23): error TS2345: Argument of type '"αñ╢αñ┐αñòαÑìαñ╖αñòαÑïαñé αñöαñ░ αñ¼αñíαñ╝αÑïαñé αñòαñ╛ αñàαñ¿αñ╛αñªαñ░"' is not assignable to parameter of type 'never'.
src/services/lalKitabService.ts(393,23): error TS2345: Argument of type '"αñ£αÑìαñ₧αñ╛αñ¿ αñöαñ░ αñåαñºαÑìαñ»αñ╛αññαÑìαñ«αñ┐αñò αñ╡αñ┐αñòαñ╛αñ╕ αñòαÑÇ αñòαñ«αÑÇ"' is not assignable to parameter of type 'never'.
src/services/lalKitabService.ts(398,21): error TS2345: Argument of type '"Severe manifestation - immediate remedies required"' is not assignable to parameter of type 'never'.
src/services/lalKitabService.ts(399,21): error TS2345: Argument of type '"αñùαñéαñ¡αÑÇαñ░ αñ¬αÑìαñ░αñòαñƒαÑÇαñòαñ░αñú - αññαññαÑìαñòαñ╛αñ▓ αñëαñ¬αñ╛αñ» αñåαñ╡αñ╢αÑìαñ»αñò"' is not assignable to parameter of type 'never'.
src/services/manglikService.ts(101,22): error TS2345: Argument of type '{ rule: string; applies: boolean; description: { en: string; hi: string; }; }' is not assignable to parameter of type 'ManglikCancellation'.
  Type '{ rule: string; applies: boolean; description: { en: string; hi: string; }; }' is missing the following properties from type 'ManglikCancellation': condition, applicable
src/services/manglikService.ts(121,22): error TS2345: Argument of type '{ rule: string; applies: boolean; description: { en: string; hi: string; }; }' is not assignable to parameter of type 'ManglikCancellation'.
  Type '{ rule: string; applies: boolean; description: { en: string; hi: string; }; }' is missing the following properties from type 'ManglikCancellation': condition, applicable
src/services/manglikService.ts(137,22): error TS2345: Argument of type '{ rule: string; applies: boolean; description: { en: string; hi: string; }; }' is not assignable to parameter of type 'ManglikCancellation'.
  Type '{ rule: string; applies: boolean; description: { en: string; hi: string; }; }' is missing the following properties from type 'ManglikCancellation': condition, applicable
src/services/manglikService.ts(155,22): error TS2345: Argument of type '{ rule: string; applies: boolean; description: { en: string; hi: string; }; }' is not assignable to parameter of type 'ManglikCancellation'.
  Type '{ rule: string; applies: boolean; description: { en: string; hi: string; }; }' is missing the following properties from type 'ManglikCancellation': condition, applicable
src/services/manglikService.ts(175,22): error TS2345: Argument of type '{ rule: string; applies: boolean; description: { en: string; hi: string; }; }' is not assignable to parameter of type 'ManglikCancellation'.
  Type '{ rule: string; applies: boolean; description: { en: string; hi: string; }; }' is missing the following properties from type 'ManglikCancellation': condition, applicable
src/services/manglikService.ts(195,22): error TS2345: Argument of type '{ rule: string; applies: boolean; description: { en: string; hi: string; }; }' is not assignable to parameter of type 'ManglikCancellation'.
  Type '{ rule: string; applies: boolean; description: { en: string; hi: string; }; }' is missing the following properties from type 'ManglikCancellation': condition, applicable
src/services/manglikService.ts(211,22): error TS2345: Argument of type '{ rule: string; applies: boolean; description: { en: string; hi: string; }; }' is not assignable to parameter of type 'ManglikCancellation'.
  Type '{ rule: string; applies: boolean; description: { en: string; hi: string; }; }' is missing the following properties from type 'ManglikCancellation': condition, applicable
src/services/manglikService.ts(232,22): error TS2345: Argument of type '{ rule: string; applies: boolean; description: { en: string; hi: string; }; }' is not assignable to parameter of type 'ManglikCancellation'.
  Type '{ rule: string; applies: boolean; description: { en: string; hi: string; }; }' is missing the following properties from type 'ManglikCancellation': condition, applicable
src/services/manglikService.ts(247,22): error TS2345: Argument of type '{ rule: string; applies: false; description: { en: string; hi: string; }; }' is not assignable to parameter of type 'ManglikCancellation'.
  Type '{ rule: string; applies: false; description: { en: string; hi: string; }; }' is missing the following properties from type 'ManglikCancellation': condition, applicable
src/services/manglikService.ts(258,22): error TS2345: Argument of type '{ rule: string; applies: false; description: { en: string; hi: string; }; }' is not assignable to parameter of type 'ManglikCancellation'.
  Type '{ rule: string; applies: false; description: { en: string; hi: string; }; }' is missing the following properties from type 'ManglikCancellation': condition, applicable
src/services/marriageService.ts(15,8): error TS2307: Cannot find module './vedicCalc' or its corresponding type declarations.
src/services/mtssService.ts(48,3): error TS2741: Property 'placeOfBirth' is missing in type '{ id: string; name: string; day: number; month: number; year: number; hour: number; minute: number; lat: number; lon: number; tz: number; }' but required in type 'JatakInput'.
src/services/nadiAstrologyService.ts(388,17): error TS7053: Element implicitly has an 'any' type because expression of type 'string' can't be used to index type '{ Jupiter: { profession: string; professionHi: string; location: string; locationHi: string; karmaType: "positive"; }; Venus: { profession: string; professionHi: string; location: string; locationHi: string; karmaType: "mixed"; }; Mars: { ...; }; }'.
  No index signature with a parameter of type 'string' was found on type '{ Jupiter: { profession: string; professionHi: string; location: string; locationHi: string; karmaType: "positive"; }; Venus: { profession: string; professionHi: string; location: string; locationHi: string; karmaType: "mixed"; }; Mars: { ...; }; }'.
src/services/nakshatraService.ts(41,3): error TS2739: Type '{ number: number; name: { en: string; hi: string; sanskrit: string; }; lord: string; deity: string; symbol: string; startDegree: number; endDegree: number; pada: number; characteristics: { en: string; hi: string; }; }' is missing the following properties from type 'NakshatraInfo': id, nameEn, nameHi, nameSanskrit, nakshatra
src/services/nakshatraService.ts(55,3): error TS2739: Type '{ number: number; name: { en: string; hi: string; sanskrit: string; }; lord: string; deity: string; symbol: string; startDegree: number; endDegree: number; pada: number; characteristics: { en: string; hi: string; }; }' is missing the following properties from type 'NakshatraInfo': id, nameEn, nameHi, nameSanskrit, nakshatra
src/services/nakshatraService.ts(69,3): error TS2739: Type '{ number: number; name: { en: string; hi: string; sanskrit: string; }; lord: string; deity: string; symbol: string; startDegree: number; endDegree: number; pada: number; characteristics: { en: string; hi: string; }; }' is missing the following properties from type 'NakshatraInfo': id, nameEn, nameHi, nameSanskrit, nakshatra
src/services/nakshatraService.ts(83,3): error TS2739: Type '{ number: number; name: { en: string; hi: string; sanskrit: string; }; lord: string; deity: string; symbol: string; startDegree: number; endDegree: number; pada: number; characteristics: { en: string; hi: string; }; }' is missing the following properties from type 'NakshatraInfo': id, nameEn, nameHi, nameSanskrit, nakshatra
src/services/nakshatraService.ts(97,3): error TS2739: Type '{ number: number; name: { en: string; hi: string; sanskrit: string; }; lord: string; deity: string; symbol: string; startDegree: number; endDegree: number; pada: number; characteristics: { en: string; hi: string; }; }' is missing the following properties from type 'NakshatraInfo': id, nameEn, nameHi, nameSanskrit, nakshatra
src/services/nakshatraService.ts(111,3): error TS2739: Type '{ number: number; name: { en: string; hi: string; sanskrit: string; }; lord: string; deity: string; symbol: string; startDegree: number; endDegree: number; pada: number; characteristics: { en: string; hi: string; }; }' is missing the following properties from type 'NakshatraInfo': id, nameEn, nameHi, nameSanskrit, nakshatra
src/services/nakshatraService.ts(125,3): error TS2739: Type '{ number: number; name: { en: string; hi: string; sanskrit: string; }; lord: string; deity: string; symbol: string; startDegree: number; endDegree: number; pada: number; characteristics: { en: string; hi: string; }; }' is missing the following properties from type 'NakshatraInfo': id, nameEn, nameHi, nameSanskrit, nakshatra
src/services/nakshatraService.ts(139,3): error TS2739: Type '{ number: number; name: { en: string; hi: string; sanskrit: string; }; lord: string; deity: string; symbol: string; startDegree: number; endDegree: number; pada: number; characteristics: { en: string; hi: string; }; }' is missing the following properties from type 'NakshatraInfo': id, nameEn, nameHi, nameSanskrit, nakshatra
src/services/nakshatraService.ts(153,3): error TS2739: Type '{ number: number; name: { en: string; hi: string; sanskrit: string; }; lord: string; deity: string; symbol: string; startDegree: number; endDegree: number; pada: number; characteristics: { en: string; hi: string; }; }' is missing the following properties from type 'NakshatraInfo': id, nameEn, nameHi, nameSanskrit, nakshatra
src/services/nakshatraService.ts(167,3): error TS2739: Type '{ number: number; name: { en: string; hi: string; sanskrit: string; }; lord: string; deity: string; symbol: string; startDegree: number; endDegree: number; pada: number; characteristics: { en: string; hi: string; }; }' is missing the following properties from type 'NakshatraInfo': id, nameEn, nameHi, nameSanskrit, nakshatra
src/services/nakshatraService.ts(181,3): error TS2739: Type '{ number: number; name: { en: string; hi: string; sanskrit: string; }; lord: string; deity: string; symbol: string; startDegree: number; endDegree: number; pada: number; characteristics: { en: string; hi: string; }; }' is missing the following properties from type 'NakshatraInfo': id, nameEn, nameHi, nameSanskrit, nakshatra
src/services/nakshatraService.ts(195,3): error TS2739: Type '{ number: number; name: { en: string; hi: string; sanskrit: string; }; lord: string; deity: string; symbol: string; startDegree: number; endDegree: number; pada: number; characteristics: { en: string; hi: string; }; }' is missing the following properties from type 'NakshatraInfo': id, nameEn, nameHi, nameSanskrit, nakshatra
src/services/nakshatraService.ts(209,3): error TS2739: Type '{ number: number; name: { en: string; hi: string; sanskrit: string; }; lord: string; deity: string; symbol: string; startDegree: number; endDegree: number; pada: number; characteristics: { en: string; hi: string; }; }' is missing the following properties from type 'NakshatraInfo': id, nameEn, nameHi, nameSanskrit, nakshatra
src/services/nakshatraService.ts(223,3): error TS2739: Type '{ number: number; name: { en: string; hi: string; sanskrit: string; }; lord: string; deity: string; symbol: string; startDegree: number; endDegree: number; pada: number; characteristics: { en: string; hi: string; }; }' is missing the following properties from type 'NakshatraInfo': id, nameEn, nameHi, nameSanskrit, nakshatra
src/services/nakshatraService.ts(237,3): error TS2739: Type '{ number: number; name: { en: string; hi: string; sanskrit: string; }; lord: string; deity: string; symbol: string; startDegree: number; endDegree: number; pada: number; characteristics: { en: string; hi: string; }; }' is missing the following properties from type 'NakshatraInfo': id, nameEn, nameHi, nameSanskrit, nakshatra
src/services/nakshatraService.ts(251,3): error TS2739: Type '{ number: number; name: { en: string; hi: string; sanskrit: string; }; lord: string; deity: string; symbol: string; startDegree: number; endDegree: number; pada: number; characteristics: { en: string; hi: string; }; }' is missing the following properties from type 'NakshatraInfo': id, nameEn, nameHi, nameSanskrit, nakshatra
src/services/nakshatraService.ts(265,3): error TS2739: Type '{ number: number; name: { en: string; hi: string; sanskrit: string; }; lord: string; deity: string; symbol: string; startDegree: number; endDegree: number; pada: number; characteristics: { en: string; hi: string; }; }' is missing the following properties from type 'NakshatraInfo': id, nameEn, nameHi, nameSanskrit, nakshatra
src/services/nakshatraService.ts(279,3): error TS2739: Type '{ number: number; name: { en: string; hi: string; sanskrit: string; }; lord: string; deity: string; symbol: string; startDegree: number; endDegree: number; pada: number; characteristics: { en: string; hi: string; }; }' is missing the following properties from type 'NakshatraInfo': id, nameEn, nameHi, nameSanskrit, nakshatra
src/services/nakshatraService.ts(293,3): error TS2739: Type '{ number: number; name: { en: string; hi: string; sanskrit: string; }; lord: string; deity: string; symbol: string; startDegree: number; endDegree: number; pada: number; characteristics: { en: string; hi: string; }; }' is missing the following properties from type 'NakshatraInfo': id, nameEn, nameHi, nameSanskrit, nakshatra
src/services/nakshatraService.ts(307,3): error TS2739: Type '{ number: number; name: { en: string; hi: string; sanskrit: string; }; lord: string; deity: string; symbol: string; startDegree: number; endDegree: number; pada: number; characteristics: { en: string; hi: string; }; }' is missing the following properties from type 'NakshatraInfo': id, nameEn, nameHi, nameSanskrit, nakshatra
src/services/nakshatraService.ts(321,3): error TS2739: Type '{ number: number; name: { en: string; hi: string; sanskrit: string; }; lord: string; deity: string; symbol: string; startDegree: number; endDegree: number; pada: number; characteristics: { en: string; hi: string; }; }' is missing the following properties from type 'NakshatraInfo': id, nameEn, nameHi, nameSanskrit, nakshatra
src/services/nakshatraService.ts(335,3): error TS2739: Type '{ number: number; name: { en: string; hi: string; sanskrit: string; }; lord: string; deity: string; symbol: string; startDegree: number; endDegree: number; pada: number; characteristics: { en: string; hi: string; }; }' is missing the following properties from type 'NakshatraInfo': id, nameEn, nameHi, nameSanskrit, nakshatra
src/services/nakshatraService.ts(349,3): error TS2739: Type '{ number: number; name: { en: string; hi: string; sanskrit: string; }; lord: string; deity: string; symbol: string; startDegree: number; endDegree: number; pada: number; characteristics: { en: string; hi: string; }; }' is missing the following properties from type 'NakshatraInfo': id, nameEn, nameHi, nameSanskrit, nakshatra
src/services/nakshatraService.ts(363,3): error TS2739: Type '{ number: number; name: { en: string; hi: string; sanskrit: string; }; lord: string; deity: string; symbol: string; startDegree: number; endDegree: number; pada: number; characteristics: { en: string; hi: string; }; }' is missing the following properties from type 'NakshatraInfo': id, nameEn, nameHi, nameSanskrit, nakshatra
src/services/nakshatraService.ts(377,3): error TS2739: Type '{ number: number; name: { en: string; hi: string; sanskrit: string; }; lord: string; deity: string; symbol: string; startDegree: number; endDegree: number; pada: number; characteristics: { en: string; hi: string; }; }' is missing the following properties from type 'NakshatraInfo': id, nameEn, nameHi, nameSanskrit, nakshatra
src/services/nakshatraService.ts(391,3): error TS2739: Type '{ number: number; name: { en: string; hi: string; sanskrit: string; }; lord: string; deity: string; symbol: string; startDegree: number; endDegree: number; pada: number; characteristics: { en: string; hi: string; }; }' is missing the following properties from type 'NakshatraInfo': id, nameEn, nameHi, nameSanskrit, nakshatra
src/services/nakshatraService.ts(405,3): error TS2739: Type '{ number: number; name: { en: string; hi: string; sanskrit: string; }; lord: string; deity: string; symbol: string; startDegree: number; endDegree: number; pada: number; characteristics: { en: string; hi: string; }; }' is missing the following properties from type 'NakshatraInfo': id, nameEn, nameHi, nameSanskrit, nakshatra
src/services/nakshatraService.ts(427,16): error TS2339: Property 'en' does not exist on type 'string | { en: string; hi: string; sanskrit: string; }'.
  Property 'en' does not exist on type 'string'.
src/services/nakshatraService.ts(428,18): error TS2339: Property 'en' does not exist on type 'string | { en: string; hi: string; sanskrit: string; }'.
  Property 'en' does not exist on type 'string'.
src/services/nakshatraService.ts(429,18): error TS2339: Property 'hi' does not exist on type 'string | { en: string; hi: string; sanskrit: string; }'.
  Property 'hi' does not exist on type 'string'.
src/services/nakshatraService.ts(430,24): error TS2339: Property 'sanskrit' does not exist on type 'string | { en: string; hi: string; sanskrit: string; }'.
  Property 'sanskrit' does not exist on type 'string'.
src/services/nakshatraService.ts(519,39): error TS2339: Property 'en' does not exist on type 'string | { en: string; hi: string; sanskrit: string; }'.
  Property 'en' does not exist on type 'string'.
src/services/nakshatraService.ts(527,47): error TS2339: Property 'hi' does not exist on type 'string | { en: string; hi: string; sanskrit: string; }'.
  Property 'hi' does not exist on type 'string'.
src/services/nakshatraService.ts(527,67): error TS2339: Property 'en' does not exist on type 'string | { en: string; hi: string; sanskrit: string; }'.
  Property 'en' does not exist on type 'string'.
src/services/panchangService.ts(261,3): error TS2741: Property 'pada' is missing in type 'Omit<Nakshatra, "pada">' but required in type 'Nakshatra'.
src/services/partnershipAnalysisService.ts(265,42): error TS2345: Argument of type '"Strong Mercury - Good communication"' is not assignable to parameter of type 'never'.
src/services/partnershipAnalysisService.ts(266,38): error TS2345: Argument of type '"Excellent communication and negotiation skills"' is not assignable to parameter of type 'never'.
src/services/partnershipAnalysisService.ts(270,42): error TS2345: Argument of type '"Strong Jupiter - Wisdom and ethics"' is not assignable to parameter of type 'never'.
src/services/partnershipAnalysisService.ts(271,35): error TS2345: Argument of type '"Ethical, wise, and principled approach"' is not assignable to parameter of type 'never'.
src/services/partnershipAnalysisService.ts(275,42): error TS2345: Argument of type '"Strong Venus - Relationship skills"' is not assignable to parameter of type 'never'.
src/services/partnershipAnalysisService.ts(276,38): error TS2345: Argument of type '"Customer relations and creative thinking"' is not assignable to parameter of type 'never'.
src/services/partnershipAnalysisService.ts(280,42): error TS2345: Argument of type '"Strong Saturn - Discipline and persistence"' is not assignable to parameter of type 'never'.
src/services/partnershipAnalysisService.ts(281,35): error TS2345: Argument of type '"Disciplined, hardworking, and systematic"' is not assignable to parameter of type 'never'.
src/services/partnershipAnalysisService.ts(286,42): error TS2345: Argument of type '"Another strong Mars - Too much aggression"' is not assignable to parameter of type 'never'.
src/services/partnershipAnalysisService.ts(287,42): error TS2345: Argument of type '"Overly aggressive or impulsive nature"' is not assignable to parameter of type 'never'.
src/services/partnershipAnalysisService.ts(291,42): error TS2345: Argument of type '"Weak Jupiter - Lack of optimism"' is not assignable to parameter of type 'never'.
src/services/partnershipAnalysisService.ts(292,42): error TS2345: Argument of type '"Overly pessimistic or rigid thinking"' is not assignable to parameter of type 'never'.
src/services/partnershipAnalysisService.ts(297,5): error TS2345: Argument of type '"Complementary skill set to yours"' is not assignable to parameter of type 'never'.
src/services/partnershipAnalysisService.ts(304,5): error TS2345: Argument of type '"Relevant industry experience"' is not assignable to parameter of type 'never'.
src/services/partnershipAnalysisService.ts(311,5): error TS2345: Argument of type '"History of business failures without learning"' is not assignable to parameter of type 'never'.
src/services/partnershipAnalysisService.ts(318,5): error TS2345: Argument of type '"Lack of transparency in dealings"' is not assignable to parameter of type 'never'.
src/services/pdfExportService.ts(444,5): error TS2322: Type '(string | undefined)[][]' is not assignable to type 'RowInput[]'.
  Type '(string | undefined)[]' is not assignable to type 'RowInput'.
    Type '(string | undefined)[]' is not assignable to type 'CellInput[]'.
      Type 'string | undefined' is not assignable to type 'CellInput'.
        Type 'undefined' is not assignable to type 'CellInput'.
src/services/pdfExportService.ts(501,30): error TS2339: Property 'name' does not exist on type 'PlanetPosition'.
src/services/pdfExportService.ts(533,79): error TS2339: Property 'name' does not exist on type 'PlanetPosition'.
src/services/pdfExportService.ts(535,14): error TS2339: Property 'name' does not exist on type 'PlanetPosition'.
src/services/pdfExportService.ts(536,21): error TS2551: Property 'rashiNameHi' does not exist on type 'PlanetPosition'. Did you mean 'rashiName'?
src/services/pdfExportService.ts(538,14): error TS2339: Property 'house' does not exist on type 'PlanetPosition'.
src/services/pdfExportService.ts(1199,79): error TS2339: Property 'name' does not exist on type 'PlanetPosition'.
src/services/pdfExportService.ts(1201,14): error TS2339: Property 'name' does not exist on type 'PlanetPosition'.
src/services/pdfExportService.ts(1202,21): error TS2551: Property 'rashiNameHi' does not exist on type 'PlanetPosition'. Did you mean 'rashiName'?
src/services/pdfExportService.ts(1204,14): error TS2339: Property 'house' does not exist on type 'PlanetPosition'.
src/services/pdfExportService.ts(1218,30): error TS2339: Property 'name' does not exist on type 'PlanetPosition'.
src/services/pdfExportService.ts(1261,5): error TS2322: Type '{ label: string; value: string | undefined; }[]' is not assignable to type '{ label: string; value: string; }[]'.
  Type '{ label: string; value: string | undefined; }' is not assignable to type '{ label: string; value: string; }'.
    Types of property 'value' are incompatible.
      Type 'string | undefined' is not assignable to type 'string'.
        Type 'undefined' is not assignable to type 'string'.
src/services/prashnaService.ts(149,19): error TS2339: Property 'sidereal' does not exist on type 'NormalizedPlanet'.
src/services/subjectiveAnalysisService.ts(117,22): error TS2339: Property 'rashi' does not exist on type 'ChartData'.
src/services/subjectiveAnalysisService.ts(119,9): error TS2322: Type 'number' is not assignable to type 'PlanetName'.
src/services/subjectiveAnalysisService.ts(121,7): error TS2322: Type '{ planet: PlanetName; sign: number; degree: number; house: HouseNumber; dignity: string; retrograde: boolean; shadbalaScore: number; vargottama: boolean; nakshatra: string; nakshatraPada: number; }[]' is not assignable to type 'PlanetPosition[]'.
  Type '{ planet: PlanetName; sign: number; degree: number; house: HouseNumber; dignity: string; retrograde: boolean; shadbalaScore: number; vargottama: boolean; nakshatra: string; nakshatraPada: number; }' is not assignable to type 'PlanetPosition'.
    Types of property 'sign' are incompatible.
      Type 'number' is not assignable to type 'ZodiacSign'.
src/services/subjectiveAnalysisService.ts(136,7): error TS2739: Type '{ sign: any; degree: number; }' is missing the following properties from type 'PlanetPosition': planet, house, retrograde
src/services/subjectiveAnalysisService.ts(136,29): error TS2339: Property 'rashi' does not exist on type 'ChartData'.
src/services/subjectiveAnalysisService.ts(137,7): error TS2322: Type '{ planet: PlanetName; sign: number; degree: number; house: HouseNumber; dignity: "Neutral"; retrograde: boolean; }[]' is not assignable to type 'PlanetPosition[]'.
  Type '{ planet: PlanetName; sign: number; degree: number; house: HouseNumber; dignity: "Neutral"; retrograde: boolean; }' is not assignable to type 'PlanetPosition'.
    Types of property 'sign' are incompatible.
      Type 'number' is not assignable to type 'ZodiacSign'.
src/services/subjectiveAnalysisService.ts(165,16): error TS2322: Type 'number' is not assignable to type 'ZodiacSign'.
src/services/subjectiveAnalysisService.ts(166,7): error TS2322: Type '{ planet: PlanetName; sign: number; degree: number; house: HouseNumber; dignity: "Neutral"; retrograde: boolean; }[]' is not assignable to type 'PlanetPosition[]'.
  Type '{ planet: PlanetName; sign: number; degree: number; house: HouseNumber; dignity: "Neutral"; retrograde: boolean; }' is not assignable to type 'PlanetPosition'.
    Types of property 'sign' are incompatible.
      Type 'number' is not assignable to type 'ZodiacSign'.
src/services/subjectiveAnalysisService.ts(183,11): error TS2322: Type '{ mahadasha: string; antardasha: string; startDate: string; endDate: string; isActive: boolean; }[]' is not assignable to type 'DashaPeriod[]'.
  Property 'remainingYears' is missing in type '{ mahadasha: string; antardasha: string; startDate: string; endDate: string; isActive: boolean; }' but required in type 'DashaPeriod'.
src/services/subjectiveAnalysisService.ts(197,9): error TS2353: Object literal may only specify known properties, and 'retrograde' does not exist in type 'Transit'.
src/services/subjectiveAnalysisService.ts(204,9): error TS2353: Object literal may only specify known properties, and 'retrograde' does not exist in type 'Transit'.
src/services/subjectiveAnalysisService.ts(212,76): error TS2322: Type '"career"' is not assignable to type '"general"'.
src/services/subjectiveAnalysisService.ts(213,66): error TS2322: Type '"fame"' is not assignable to type '"general"'.
src/services/subjectiveAnalysisService.ts(214,71): error TS2322: Type '"marriage"' is not assignable to type '"general"'.
src/services/swissEphemerisService.ts(118,28): error TS2345: Argument of type '(h: number) => number' is not assignable to parameter of type '(value: unknown, index: number, array: unknown[]) => number'.
  Types of parameters 'h' and 'value' are incompatible.
    Type 'unknown' is not assignable to type 'number'.
src/services/swissEphemerisService.ts(199,39): error TS2339: Property 'rashiIndex' does not exist on type '{ house: number; dignity: string; tropical: number; sidereal: number; rashi: number; rashiName: string; degrees: number; retrograde: boolean; name: string; } | { house: number; dignity: string; rashiIndex: number; ... 6 more ...; name: string; }'.
  Property 'rashiIndex' does not exist on type '{ house: number; dignity: string; tropical: number; sidereal: number; rashi: number; rashiName: string; degrees: number; retrograde: boolean; name: string; }'.
src/services/synthesis/signalTypes.ts(1,40): error TS2305: Module '"../../types/astrology"' has no exported member 'ZodiacSign'.
src/services/userFeedbackService.ts(83,25): error TS2339: Property 'metadata' does not exist on type 'Omit<UserFeedback, "metadata" | "id" | "timestamp">'.
src/services/userFeedbackService.ts(128,56): error TS18048: 'filters.dateFrom' is possibly 'undefined'.
src/services/userFeedbackService.ts(131,56): error TS18048: 'filters.dateTo' is possibly 'undefined'.
src/services/userFeedbackService.ts(399,15): error TS2484: Export declaration conflicts with exported declaration of 'UserFeedback'.
src/services/userFeedbackService.ts(399,29): error TS2484: Export declaration conflicts with exported declaration of 'FeedbackAnalytics'.
src/services/userFeedbackService.ts(399,48): error TS2484: Export declaration conflicts with exported declaration of 'FeedbackResponse'.
src/services/vaastuService.ts(435,29): error TS2345: Argument of type 'string' is not assignable to parameter of type 'never'.
src/services/vaastuService.ts(436,29): error TS2345: Argument of type 'string' is not assignable to parameter of type 'never'.
src/services/vaastuService.ts(437,29): error TS2345: Argument of type 'string' is not assignable to parameter of type 'never'.
src/services/vaastuService.ts(438,29): error TS2345: Argument of type 'string' is not assignable to parameter of type 'never'.
src/services/vaastuService.ts(440,29): error TS2345: Argument of type 'string' is not assignable to parameter of type 'never'.
src/services/vaastuService.ts(441,29): error TS2345: Argument of type 'string' is not assignable to parameter of type 'never'.
src/services/vaastuService.ts(442,29): error TS2345: Argument of type '"Consider relocating or applying remedies."' is not assignable to parameter of type 'never'.
src/services/vaastuService.ts(443,29): error TS2345: Argument of type '"αñ╕αÑìαñÑαñ╛αñ¿αñ╛αñéαññαñ░αñú αñ»αñ╛ αñëαñ¬αñ╛αñ» αñ▓αñ╛αñùαÑé αñòαñ░αñ¿αÑç αñ¬αñ░ αñ╡αñ┐αñÜαñ╛αñ░ αñòαñ░αÑçαñéαÑñ"' is not assignable to parameter of type 'never'.
src/services/vaastuService.ts(445,29): error TS2345: Argument of type 'string' is not assignable to parameter of type 'never'.
src/services/vaastuService.ts(446,29): error TS2345: Argument of type 'string' is not assignable to parameter of type 'never'.
src/services/vaastuService.ts(447,29): error TS2345: Argument of type 'string' is not assignable to parameter of type 'never'.
src/services/vaastuService.ts(448,29): error TS2345: Argument of type 'string' is not assignable to parameter of type 'never'.
src/services/vedicGaneshPDFGenerator.ts(857,28): error TS2769: No overload matches this call.
  The last overload gave the following error.
    Argument of type '"uint8array"' is not assignable to parameter of type '"dataurl" | "datauri"'.
src/services/vimshottariDashaService.ts(498,263): error TS18048: 'pratyantar' is possibly 'undefined'.
src/services/yogasIdentificationService.ts(821,7): error TS2322: Type '"general" | "dhana" | "raja" | "parivartana" | "nabhasa" | "akhanda" | "sankha" | "pasha" | "kartari" | "asraya" | "durdhara" | "sanyasa" | "daridra" | "vipra" | "shubha" | "ashubha" | "kalasarpa"' is not assignable to type '"dhana" | "raja" | "parivartana" | "nabhasa" | "akhanda" | "sankha" | "pasha" | "kartari" | "asraya" | "durdhara" | "sanyasa" | "daridra" | "vipra" | "shubha" | "ashubha" | "kalasarpa"'.
  Type '"general"' is not assignable to type '"dhana" | "raja" | "parivartana" | "nabhasa" | "akhanda" | "sankha" | "pasha" | "kartari" | "asraya" | "durdhara" | "sanyasa" | "daridra" | "vipra" | "shubha" | "ashubha" | "kalasarpa"'.
src/services/yogasIdentificationService.ts(935,7): error TS2322: Type 'string' is not assignable to type 'string[]'.
src/services/yogasIdentificationService.ts(936,7): error TS2322: Type 'string' is not assignable to type 'string[]'.
src/store/use-birth-data.ts(1,24): error TS2307: Cannot find module 'zustand' or its corresponding type declarations.
src/store/use-birth-data.ts(16,53): error TS7006: Parameter 'set' implicitly has an 'any' type.
src/store/use-birth-data.ts(22,13): error TS7006: Parameter 'date' implicitly has an 'any' type.
src/store/use-birth-data.ts(23,13): error TS7006: Parameter 'time' implicitly has an 'any' type.
src/store/use-birth-data.ts(24,13): error TS7006: Parameter 'city' implicitly has an 'any' type.
src/store/use-birth-data.ts(25,15): error TS7006: Parameter 'lat' implicitly has an 'any' type.
src/store/use-birth-data.ts(25,20): error TS7006: Parameter 'lon' implicitly has an 'any' type.
src/store/use-birth-data.ts(26,12): error TS7006: Parameter 'data' implicitly has an 'any' type.
src/tests/hooks/useChartCalculation.test.ts(157,16): error TS2322: Type 'null' is not assignable to type 'BirthInput'.
src/workers/ephemerisWorkerClient.ts(65,56): error TS2339: Property 'dateStr' does not exist on type 'Omit<WorkerRequest, "id">'.
src/workers/ephemerisWorkerClient.ts(65,69): error TS2339: Property 'timeStr' does not exist on type 'Omit<WorkerRequest, "id">'.
src/workers/ephemerisWorkerClient.ts(67,38): error TS2339: Property 'year' does not exist on type 'Omit<WorkerRequest, "id">'.
src/workers/ephemerisWorkerClient.ts(69,39): error TS2339: Property 'dateStr' does not exist on type 'Omit<WorkerRequest, "id">'.
src/workers/ephemerisWorkerClient.ts(69,52): error TS2339: Property 'timeStr' does not exist on type 'Omit<WorkerRequest, "id">'.
src/workers/ephemerisWorkerClient.ts(89,29): error TS2353: Object literal may only specify known properties, and 'dateStr' does not exist in type 'Omit<WorkerRequest, "id">'.
src/workers/ephemerisWorkerClient.ts(94,43): error TS2353: Object literal may only specify known properties, and 'year' does not exist in type 'Omit<WorkerRequest, "id">'.
src/workers/ephemerisWorkerClient.ts(98,37): error TS2353: Object literal may only specify known properties, and 'dateStr' does not exist in type 'Omit<WorkerRequest, "id">'.
